Archive member included because of file (symbol)

/home/laurence/CodeSourcery/Sourcery_G++_Lite/bin/../lib/gcc/arm-none-eabi/4.5.2/../../../../arm-none-eabi/lib/thumb2/libm.a(lib_a-w_sqrt.o)
                              src/main.o (sqrt)
/home/laurence/CodeSourcery/Sourcery_G++_Lite/bin/../lib/gcc/arm-none-eabi/4.5.2/../../../../arm-none-eabi/lib/thumb2/libm.a(lib_a-wf_acos.o)
                              src/main.o (acosf)
/home/laurence/CodeSourcery/Sourcery_G++_Lite/bin/../lib/gcc/arm-none-eabi/4.5.2/../../../../arm-none-eabi/lib/thumb2/libm.a(lib_a-wf_atan2.o)
                              src/main.o (atan2f)
/home/laurence/CodeSourcery/Sourcery_G++_Lite/bin/../lib/gcc/arm-none-eabi/4.5.2/../../../../arm-none-eabi/lib/thumb2/libm.a(lib_a-wf_sqrt.o)
                              src/main.o (sqrtf)
/home/laurence/CodeSourcery/Sourcery_G++_Lite/bin/../lib/gcc/arm-none-eabi/4.5.2/../../../../arm-none-eabi/lib/thumb2/libm.a(lib_a-e_sqrt.o)
                              /home/laurence/CodeSourcery/Sourcery_G++_Lite/bin/../lib/gcc/arm-none-eabi/4.5.2/../../../../arm-none-eabi/lib/thumb2/libm.a(lib_a-w_sqrt.o) (__ieee754_sqrt)
/home/laurence/CodeSourcery/Sourcery_G++_Lite/bin/../lib/gcc/arm-none-eabi/4.5.2/../../../../arm-none-eabi/lib/thumb2/libm.a(lib_a-ef_acos.o)
                              /home/laurence/CodeSourcery/Sourcery_G++_Lite/bin/../lib/gcc/arm-none-eabi/4.5.2/../../../../arm-none-eabi/lib/thumb2/libm.a(lib_a-wf_acos.o) (__ieee754_acosf)
/home/laurence/CodeSourcery/Sourcery_G++_Lite/bin/../lib/gcc/arm-none-eabi/4.5.2/../../../../arm-none-eabi/lib/thumb2/libm.a(lib_a-ef_atan2.o)
                              /home/laurence/CodeSourcery/Sourcery_G++_Lite/bin/../lib/gcc/arm-none-eabi/4.5.2/../../../../arm-none-eabi/lib/thumb2/libm.a(lib_a-wf_atan2.o) (__ieee754_atan2f)
/home/laurence/CodeSourcery/Sourcery_G++_Lite/bin/../lib/gcc/arm-none-eabi/4.5.2/../../../../arm-none-eabi/lib/thumb2/libm.a(lib_a-ef_sqrt.o)
                              /home/laurence/CodeSourcery/Sourcery_G++_Lite/bin/../lib/gcc/arm-none-eabi/4.5.2/../../../../arm-none-eabi/lib/thumb2/libm.a(lib_a-wf_sqrt.o) (__ieee754_sqrtf)
/home/laurence/CodeSourcery/Sourcery_G++_Lite/bin/../lib/gcc/arm-none-eabi/4.5.2/../../../../arm-none-eabi/lib/thumb2/libm.a(lib_a-s_fpclassify.o)
                              /home/laurence/CodeSourcery/Sourcery_G++_Lite/bin/../lib/gcc/arm-none-eabi/4.5.2/../../../../arm-none-eabi/lib/thumb2/libm.a(lib_a-w_sqrt.o) (__fpclassifyd)
/home/laurence/CodeSourcery/Sourcery_G++_Lite/bin/../lib/gcc/arm-none-eabi/4.5.2/../../../../arm-none-eabi/lib/thumb2/libm.a(lib_a-s_lib_ver.o)
                              /home/laurence/CodeSourcery/Sourcery_G++_Lite/bin/../lib/gcc/arm-none-eabi/4.5.2/../../../../arm-none-eabi/lib/thumb2/libm.a(lib_a-w_sqrt.o) (__fdlib_version)
/home/laurence/CodeSourcery/Sourcery_G++_Lite/bin/../lib/gcc/arm-none-eabi/4.5.2/../../../../arm-none-eabi/lib/thumb2/libm.a(lib_a-s_matherr.o)
                              /home/laurence/CodeSourcery/Sourcery_G++_Lite/bin/../lib/gcc/arm-none-eabi/4.5.2/../../../../arm-none-eabi/lib/thumb2/libm.a(lib_a-w_sqrt.o) (matherr)
/home/laurence/CodeSourcery/Sourcery_G++_Lite/bin/../lib/gcc/arm-none-eabi/4.5.2/../../../../arm-none-eabi/lib/thumb2/libm.a(lib_a-s_nan.o)
                              /home/laurence/CodeSourcery/Sourcery_G++_Lite/bin/../lib/gcc/arm-none-eabi/4.5.2/../../../../arm-none-eabi/lib/thumb2/libm.a(lib_a-wf_acos.o) (nan)
/home/laurence/CodeSourcery/Sourcery_G++_Lite/bin/../lib/gcc/arm-none-eabi/4.5.2/../../../../arm-none-eabi/lib/thumb2/libm.a(lib_a-sf_atan.o)
                              /home/laurence/CodeSourcery/Sourcery_G++_Lite/bin/../lib/gcc/arm-none-eabi/4.5.2/../../../../arm-none-eabi/lib/thumb2/libm.a(lib_a-ef_atan2.o) (atanf)
/home/laurence/CodeSourcery/Sourcery_G++_Lite/bin/../lib/gcc/arm-none-eabi/4.5.2/../../../../arm-none-eabi/lib/thumb2/libm.a(lib_a-sf_fabs.o)
                              /home/laurence/CodeSourcery/Sourcery_G++_Lite/bin/../lib/gcc/arm-none-eabi/4.5.2/../../../../arm-none-eabi/lib/thumb2/libm.a(lib_a-wf_acos.o) (fabsf)
/home/laurence/CodeSourcery/Sourcery_G++_Lite/bin/../lib/gcc/arm-none-eabi/4.5.2/../../../../arm-none-eabi/lib/thumb2/libm.a(lib_a-sf_fpclassify.o)
                              /home/laurence/CodeSourcery/Sourcery_G++_Lite/bin/../lib/gcc/arm-none-eabi/4.5.2/../../../../arm-none-eabi/lib/thumb2/libm.a(lib_a-wf_acos.o) (__fpclassifyf)
/home/laurence/CodeSourcery/Sourcery_G++_Lite/bin/../lib/gcc/arm-none-eabi/4.5.2/thumb2/libgcc.a(_arm_addsubdf3.o)
                              src/main.o (__aeabi_dsub)
/home/laurence/CodeSourcery/Sourcery_G++_Lite/bin/../lib/gcc/arm-none-eabi/4.5.2/thumb2/libgcc.a(_arm_muldivdf3.o)
                              src/main.o (__aeabi_dmul)
/home/laurence/CodeSourcery/Sourcery_G++_Lite/bin/../lib/gcc/arm-none-eabi/4.5.2/thumb2/libgcc.a(_arm_cmpdf2.o)
[...]
Memory Configuration

Name             Origin             Length             Attributes
FLASH            0x08000000         0x00040000         xr
RAM              0x20000000         0x0000a000         xrw
MEMORY_B1        0x60000000         0x00000000         xr
CCMRAM           0x10000000         0x00002000         rw
*default*        0x00000000         0xffffffff

Linker script and memory map

LOAD /home/laurence/CodeSourcery/Sourcery_G++_Lite/bin/../lib/gcc/arm-none-eabi/4.5.2/thumb2/crti.o
LOAD /home/laurence/CodeSourcery/Sourcery_G++_Lite/bin/../lib/gcc/arm-none-eabi/4.5.2/thumb2/crtbegin.o
LOAD lib/CMSIS/Device/ST/STM32F30x/Source/Templates/gcc_ride7/startup_stm32f30x.o
LOAD lib/STM32F30x_StdPeriph_Driver/src/stm32f30x_adc.o
LOAD lib/STM32F30x_StdPeriph_Driver/src/stm32f30x_can.o
LOAD lib/STM32F30x_StdPeriph_Driver/src/stm32f30x_comp.o
LOAD lib/STM32F30x_StdPeriph_Driver/src/stm32f30x_crc.o
LOAD lib/STM32F30x_StdPeriph_Driver/src/stm32f30x_dac.o
LOAD lib/STM32F30x_StdPeriph_Driver/src/stm32f30x_dbgmcu.o
LOAD lib/STM32F30x_StdPeriph_Driver/src/stm32f30x_dma.o
LOAD lib/STM32F30x_StdPeriph_Driver/src/stm32f30x_exti.o
LOAD lib/STM32F30x_StdPeriph_Driver/src/stm32f30x_flash.o
LOAD lib/STM32F30x_StdPeriph_Driver/src/stm32f30x_gpio.o
LOAD lib/STM32F30x_StdPeriph_Driver/src/stm32f30x_i2c.o
LOAD lib/STM32F30x_StdPeriph_Driver/src/stm32f30x_iwdg.o
LOAD lib/STM32F30x_StdPeriph_Driver/src/stm32f30x_misc.o
LOAD lib/STM32F30x_StdPeriph_Driver/src/stm32f30x_opamp.o
LOAD lib/STM32F30x_StdPeriph_Driver/src/stm32f30x_pwr.o
LOAD lib/STM32F30x_StdPeriph_Driver/src/stm32f30x_rcc.o
LOAD lib/STM32F30x_StdPeriph_Driver/src/stm32f30x_rtc.o
LOAD lib/STM32F30x_StdPeriph_Driver/src/stm32f30x_spi.o
LOAD lib/STM32F30x_StdPeriph_Driver/src/stm32f30x_syscfg.o
LOAD lib/STM32F30x_StdPeriph_Driver/src/stm32f30x_tim.o
LOAD lib/STM32F30x_StdPeriph_Driver/src/stm32f30x_usart.o
LOAD lib/STM32F30x_StdPeriph_Driver/src/stm32f30x_wwdg.o
LOAD lib/STM32_USB-FS-Device_Driver/src/usb_core.o
LOAD lib/STM32_USB-FS-Device_Driver/src/usb_init.o
LOAD lib/STM32_USB-FS-Device_Driver/src/usb_int.o
LOAD lib/STM32_USB-FS-Device_Driver/src/usb_mem.o
LOAD lib/STM32_USB-FS-Device_Driver/src/usb_regs.o
LOAD lib/STM32_USB-FS-Device_Driver/src/usb_sil.o
LOAD src/hw_config.o
LOAD src/main.o
LOAD src/stm32f30x_it.o
LOAD src/system_stm32f30x.o
LOAD src/usb_desc.o
LOAD src/usb_endp.o
LOAD src/usb_istr.o
LOAD src/usb_prop.o
LOAD src/usb_pwr.o
LOAD util/STM32F3_Discovery/stm32f3_discovery.o
LOAD util/STM32F3_Discovery/stm32f3_discovery_l3gd20.o
LOAD util/STM32F3_Discovery/stm32f3_discovery_lsm303dlhc.o
LOAD /home/laurence/CodeSourcery/Sourcery_G++_Lite/bin/../lib/gcc/arm-none-eabi/4.5.2/../../../../arm-none-eabi/lib/thumb2/libm.a
START GROUP
LOAD /home/laurence/CodeSourcery/Sourcery_G++_Lite/bin/../lib/gcc/arm-none-eabi/4.5.2/thumb2/libgcc.a
LOAD /home/laurence/CodeSourcery/Sourcery_G++_Lite/bin/../lib/gcc/arm-none-eabi/4.5.2/../../../../arm-none-eabi/lib/thumb2/libc.a
END GROUP
LOAD /home/laurence/CodeSourcery/Sourcery_G++_Lite/bin/../lib/gcc/arm-none-eabi/4.5.2/thumb2/crtend.o
LOAD /home/laurence/CodeSourcery/Sourcery_G++_Lite/bin/../lib/gcc/arm-none-eabi/4.5.2/thumb2/crtn.o
                0x2000a000                _estack = 0x2000a000
                0x00000000                _Min_Heap_Size = 0x0
                0x00000200                _Min_Stack_Size = 0x200

.isr_vector     0x08000000      0x188
                0x08000000                . = ALIGN (0x4)
 *(.isr_vector)
 .isr_vector    0x08000000      0x188 lib/CMSIS/Device/ST/STM32F30x/Source/Templates/gcc_ride7/startup_stm32f30x.o
                0x08000000                g_pfnVectors
                0x08000188                . = ALIGN (0x4)

.text           0x08000188     0x5334
                0x08000188                . = ALIGN (0x4)
 *(.text)
 .text          0x08000188       0x30 /home/laurence/CodeSourcery/Sourcery_G++_Lite/bin/../lib/gcc/arm-none-eabi/4.5.2/thumb2/crtbegin.o
 .text          0x080001b8       0xac /home/laurence/CodeSourcery/Sourcery_G++_Lite/bin/../lib/gcc/arm-none-eabi/4.5.2/../../../../arm-none-eabi/lib/thumb2/libm.a(lib_a-w_sqrt.o)
                0x080001b8                sqrt
 .text          0x08000264       0xa8 /home/laurence/CodeSourcery/Sourcery_G++_Lite/bin/../lib/gcc/arm-none-eabi/4.5.2/../../../../arm-none-eabi/lib/thumb2/libm.a(lib_a-wf_acos.o)
                0x08000264                acosf
 .text          0x0800030c        0x4 /home/laurence/CodeSourcery/Sourcery_G++_Lite/bin/../lib/gcc/arm-none-eabi/4.5.2/../../../../arm-none-eabi/lib/thumb2/libm.a(lib_a-wf_atan2.o)
                0x0800030c                atan2f
 .text          0x08000310       0xa4 /home/laurence/CodeSourcery/Sourcery_G++_Lite/bin/../lib/gcc/arm-none-eabi/4.5.2/../../../../arm-none-eabi/lib/thumb2/libm.a(lib_a-wf_sqrt.o)
                0x08000310                sqrtf
 .text          0x080003b4      0x1c0 /home/laurence/CodeSourcery/Sourcery_G++_Lite/bin/../lib/gcc/arm-none-eabi/4.5.2/../../../../arm-none-eabi/lib/thumb2/libm.a(lib_a-e_sqrt.o)
                0x080003b4                __ieee754_sqrt
 .text          0x08000574      0x368 /home/laurence/CodeSourcery/Sourcery_G++_Lite/bin/../lib/gcc/arm-none-eabi/4.5.2/../../../../arm-none-eabi/lib/thumb2/libm.a(lib_a-ef_acos.o)
                0x08000574                __ieee754_acosf
 .text          0x080008dc      0x16c /home/laurence/CodeSourcery/Sourcery_G++_Lite/bin/../lib/gcc/arm-none-eabi/4.5.2/../../../../arm-none-eabi/lib/thumb2/libm.a(lib_a-ef_atan2.o)
                0x080008dc                __ieee754_atan2f
 .text          0x08000a48       0xb0 /home/laurence/CodeSourcery/Sourcery_G++_Lite/bin/../lib/gcc/arm-none-eabi/4.5.2/../../../../arm-none-eabi/lib/thumb2/libm.a(lib_a-ef_sqrt.o)
                0x08000a48                __ieee754_sqrtf
 .text          0x08000af8       0x90 /home/laurence/CodeSourcery/Sourcery_G++_Lite/bin/../lib/gcc/arm-none-eabi/4.5.2/../../../../arm-none-eabi/lib/thumb2/libm.a(lib_a-s_fpclassify.o)
                0x08000af8                __fpclassifyd
 .text          0x08000b88        0x4 /home/laurence/CodeSourcery/Sourcery_G++_Lite/bin/../lib/gcc/arm-none-eabi/4.5.2/../../../../arm-none-eabi/lib/thumb2/libm.a(lib_a-s_matherr.o)
                0x08000b88                matherr
 .text          0x08000b8c        0xc /home/laurence/CodeSourcery/Sourcery_G++_Lite/bin/../lib/gcc/arm-none-eabi/4.5.2/../../../../arm-none-eabi/lib/thumb2/libm.a(lib_a-s_nan.o)
                0x08000b8c                nan
 .text          0x08000b98      0x244 /home/laurence/CodeSourcery/Sourcery_G++_Lite/bin/../lib/gcc/arm-none-eabi/4.5.2/../../../../arm-none-eabi/lib/thumb2/libm.a(lib_a-sf_atan.o)
                0x08000b98                atanf
 .text          0x08000ddc        0x8 /home/laurence/CodeSourcery/Sourcery_G++_Lite/bin/../lib/gcc/arm-none-eabi/4.5.2/../../../../arm-none-eabi/lib/thumb2/libm.a(lib_a-sf_fabs.o)
                0x08000ddc                fabsf
 .text          0x08000de4       0x7c /home/laurence/CodeSourcery/Sourcery_G++_Lite/bin/../lib/gcc/arm-none-eabi/4.5.2/../../../../arm-none-eabi/lib/thumb2/libm.a(lib_a-sf_fpclassify.o)
                0x08000de4                __fpclassifyf
 .text          0x08000e60      0x370 /home/laurence/CodeSourcery/Sourcery_G++_Lite/bin/../lib/gcc/arm-none-eabi/4.5.2/thumb2/libgcc.a(_arm_addsubdf3.o)
                0x08000e60                __aeabi_drsub
                0x08000e68                __aeabi_dsub
                0x08000e68                __subdf3
                0x08000e6c                __adddf3
                0x08000e6c                __aeabi_dadd
                0x080010e4                __aeabi_ui2d
                0x080010e4                __floatunsidf
                0x08001104                __floatsidf
                0x08001104                __aeabi_i2d
                0x08001128                __extendsfdf2
                0x08001128                __aeabi_f2d
                0x08001164                __aeabi_ul2d
                0x08001164                __floatundidf
                0x08001174                __floatdidf
                0x08001174                __aeabi_l2d
 .text          0x080011d0      0x424 /home/laurence/CodeSourcery/Sourcery_G++_Lite/bin/../lib/gcc/arm-none-eabi/4.5.2/thumb2/libgcc.a(_arm_muldivdf3.o)
                0x080011d0                __aeabi_dmul
                0x080011d0                __muldf3
                0x08001424                __aeabi_ddiv
                0x08001424                __divdf3
 .text          0x080015f4      0x110 /home/laurence/CodeSourcery/Sourcery_G++_Lite/bin/../lib/gcc/arm-none-eabi/4.5.2/thumb2/libgcc.a(_arm_cmpdf2.o)
                0x080015f4                __gtdf2
                0x080015f4                __gedf2
                0x080015fc                __ltdf2
                0x080015fc                __ledf2
                0x08001604                __cmpdf2
                0x08001604                __eqdf2
                0x08001604                __nedf2
                0x08001680                __aeabi_cdrcmple
                0x08001690                __aeabi_cdcmple
                0x08001690                __aeabi_cdcmpeq
                0x080016a0                __aeabi_dcmpeq
                0x080016b4                __aeabi_dcmplt
                0x080016c8                __aeabi_dcmple
                0x080016dc                __aeabi_dcmpge
                0x080016f0                __aeabi_dcmpgt
 .text          0x08001704       0x40 /home/laurence/CodeSourcery/Sourcery_G++_Lite/bin/../lib/gcc/arm-none-eabi/4.5.2/thumb2/libgcc.a(_arm_fixunsdfsi.o)
                0x08001704                __fixunsdfsi
                0x08001704                __aeabi_d2uiz
 .text          0x08001744       0xa0 /home/laurence/CodeSourcery/Sourcery_G++_Lite/bin/../lib/gcc/arm-none-eabi/4.5.2/thumb2/libgcc.a(_arm_truncdfsf2.o)
                0x08001744                __aeabi_d2f
                0x08001744                __truncdfsf2
 .text          0x080017e4      0x21c /home/laurence/CodeSourcery/Sourcery_G++_Lite/bin/../lib/gcc/arm-none-eabi/4.5.2/thumb2/libgcc.a(_arm_addsubsf3.o)
                0x080017e4                __aeabi_frsub
                0x080017ec                __subsf3
                0x080017ec                __aeabi_fsub
                0x080017f0                __aeabi_fadd
                0x080017f0                __addsf3
                0x08001950                __aeabi_ui2f
                0x08001950                __floatunsisf
                0x08001958                __aeabi_i2f
                0x08001958                __floatsisf
                0x08001974                __floatundisf
                0x08001974                __aeabi_ul2f
                0x08001984                __floatdisf
                0x08001984                __aeabi_l2f
 .text          0x08001a00      0x2a0 /home/laurence/CodeSourcery/Sourcery_G++_Lite/bin/../lib/gcc/arm-none-eabi/4.5.2/thumb2/libgcc.a(_arm_muldivsf3.o)
                0x08001a00                __mulsf3
                0x08001a00                __aeabi_fmul
                0x08001b68                __divsf3
                0x08001b68                __aeabi_fdiv
 .text          0x08001ca0       0xec /home/laurence/CodeSourcery/Sourcery_G++_Lite/bin/../lib/gcc/arm-none-eabi/4.5.2/thumb2/libgcc.a(_arm_cmpsf2.o)
                0x08001ca0                __gtsf2
                0x08001ca0                __gesf2
                0x08001ca8                __lesf2
                0x08001ca8                __ltsf2
                0x08001cb0                __nesf2
                0x08001cb0                __eqsf2
                0x08001cb0                __cmpsf2
                0x08001d10                __aeabi_cfrcmple
                0x08001d18                __aeabi_cfcmple
                0x08001d18                __aeabi_cfcmpeq
                0x08001d28                __aeabi_fcmpeq
                0x08001d3c                __aeabi_fcmplt
                0x08001d50                __aeabi_fcmple
                0x08001d64                __aeabi_fcmpge
                0x08001d78                __aeabi_fcmpgt
 .text          0x08001d8c        0xc /home/laurence/CodeSourcery/Sourcery_G++_Lite/bin/../lib/gcc/arm-none-eabi/4.5.2/../../../../arm-none-eabi/lib/thumb2/libc.a(lib_a-errno.o)
                0x08001d8c                __errno
 *(.text*)
 .text.Reset_Handler
                0x08001d98       0x44 lib/CMSIS/Device/ST/STM32F30x/Source/Templates/gcc_ride7/startup_stm32f30x.o
                0x08001d98                Reset_Handler
 .text.Default_Handler
                0x08001ddc        0x2 lib/CMSIS/Device/ST/STM32F30x/Source/Templates/gcc_ride7/startup_stm32f30x.o
                0x08001ddc                RTC_Alarm_IRQHandler
                0x08001ddc                TIM8_TRG_COM_IRQHandler
                0x08001ddc                TIM8_CC_IRQHandler
                0x08001ddc                TIM1_CC_IRQHandler
                0x08001ddc                USB_HP_IRQHandler
                0x08001ddc                PVD_IRQHandler
                0x08001ddc                EXTI3_IRQHandler
                0x08001ddc                I2C2_EV_IRQHandler
                0x08001ddc                FPU_IRQHandler
                0x08001ddc                EXTI2_TS_IRQHandler
                0x08001ddc                TIM1_UP_TIM16_IRQHandler
                0x08001ddc                ADC1_2_IRQHandler
                0x08001ddc                SPI1_IRQHandler
                0x08001ddc                TIM6_DAC_IRQHandler
                0x08001ddc                TIM8_UP_IRQHandler
                0x08001ddc                DMA2_Channel2_IRQHandler
                0x08001ddc                DMA1_Channel4_IRQHandler
                0x08001ddc                USART3_IRQHandler
                0x08001ddc                DMA1_Channel7_IRQHandler
                0x08001ddc                CAN1_RX1_IRQHandler
                0x08001ddc                UART5_IRQHandler
                0x08001ddc                ADC3_IRQHandler
                0x08001ddc                TIM4_IRQHandler
                0x08001ddc                DMA2_Channel1_IRQHandler
                0x08001ddc                I2C1_EV_IRQHandler
                0x08001ddc                DMA1_Channel6_IRQHandler
                0x08001ddc                UART4_IRQHandler
                0x08001ddc                DMA2_Channel4_IRQHandler
                0x08001ddc                TIM3_IRQHandler
                0x08001ddc                RCC_IRQHandler
                0x08001ddc                DMA1_Channel1_IRQHandler
                0x08001ddc                Default_Handler
                0x08001ddc                USBWakeUp_RMP_IRQHandler
                0x08001ddc                EXTI15_10_IRQHandler
                0x08001ddc                TIM7_IRQHandler
                0x08001ddc                EXTI9_5_IRQHandler
                0x08001ddc                TAMPER_STAMP_IRQHandler
                0x08001ddc                RTC_WKUP_IRQHandler
                0x08001ddc                SPI2_IRQHandler
                0x08001ddc                DMA2_Channel5_IRQHandler
                0x08001ddc                DMA1_Channel5_IRQHandler
                0x08001ddc                USB_LP_IRQHandler
                0x08001ddc                EXTI4_IRQHandler
                0x08001ddc                TIM1_TRG_COM_TIM17_IRQHandler
                0x08001ddc                USB_HP_CAN1_TX_IRQHandler
                0x08001ddc                DMA1_Channel3_IRQHandler
                0x08001ddc                ADC4_IRQHandler
                0x08001ddc                WWDG_IRQHandler
                0x08001ddc                TIM2_IRQHandler
                0x08001ddc                COMP7_IRQHandler
                0x08001ddc                COMP1_2_3_IRQHandler
                0x08001ddc                EXTI1_IRQHandler
                0x08001ddc                USART2_IRQHandler
                0x08001ddc                COMP4_5_6_IRQHandler
                0x08001ddc                I2C2_ER_IRQHandler
                0x08001ddc                DMA1_Channel2_IRQHandler
                0x08001ddc                TIM8_BRK_IRQHandler
                0x08001ddc                CAN1_SCE_IRQHandler
                0x08001ddc                FLASH_IRQHandler
                0x08001ddc                USART1_IRQHandler
                0x08001ddc                SPI3_IRQHandler
                0x08001ddc                I2C1_ER_IRQHandler
                0x08001ddc                DMA2_Channel3_IRQHandler
                0x08001ddc                TIM1_BRK_TIM15_IRQHandler
 *fill*         0x08001dde        0x2 00
 .text.EXTI_Init
                0x08001de0      0x120 lib/STM32F30x_StdPeriph_Driver/src/stm32f30x_exti.o
                0x08001de0                EXTI_Init
 .text.EXTI_GetITStatus
                0x08001f00       0x30 lib/STM32F30x_StdPeriph_Driver/src/stm32f30x_exti.o
                0x08001f00                EXTI_GetITStatus
 .text.EXTI_ClearITPendingBit
                0x08001f30       0x18 lib/STM32F30x_StdPeriph_Driver/src/stm32f30x_exti.o
                0x08001f30                EXTI_ClearITPendingBit
 .text.GPIO_Init
                0x08001f48       0x8c lib/STM32F30x_StdPeriph_Driver/src/stm32f30x_gpio.o
                0x08001f48                GPIO_Init
 .text.GPIO_ReadInputDataBit
                0x08001fd4        0xc lib/STM32F30x_StdPeriph_Driver/src/stm32f30x_gpio.o
                0x08001fd4                GPIO_ReadInputDataBit
 .text.GPIO_SetBits
                0x08001fe0        0x4 lib/STM32F30x_StdPeriph_Driver/src/stm32f30x_gpio.o
                0x08001fe0                GPIO_SetBits
 .text.GPIO_ResetBits
                0x08001fe4        0x4 lib/STM32F30x_StdPeriph_Driver/src/stm32f30x_gpio.o
                0x08001fe4                GPIO_ResetBits
 .text.GPIO_PinAFConfig
                0x08001fe8       0x2e lib/STM32F30x_StdPeriph_Driver/src/stm32f30x_gpio.o
                0x08001fe8                GPIO_PinAFConfig
 *fill*         0x08002016        0x2 00
 .text.I2C_Init
                0x08002018       0x68 lib/STM32F30x_StdPeriph_Driver/src/stm32f30x_i2c.o
                0x08002018                I2C_Init
 .text.I2C_Cmd  0x08002080       0x14 lib/STM32F30x_StdPeriph_Driver/src/stm32f30x_i2c.o
                0x08002080                I2C_Cmd
 .text.I2C_TransferHandling
                0x08002094       0x28 lib/STM32F30x_StdPeriph_Driver/src/stm32f30x_i2c.o
                0x08002094                I2C_TransferHandling
 .text.I2C_SendData
                0x080020bc        0x4 lib/STM32F30x_StdPeriph_Driver/src/stm32f30x_i2c.o
                0x080020bc                I2C_SendData
 .text.I2C_ReceiveData
                0x080020c0        0x6 lib/STM32F30x_StdPeriph_Driver/src/stm32f30x_i2c.o
                0x080020c0                I2C_ReceiveData
 .text.I2C_GetFlagStatus
                0x080020c6        0xc lib/STM32F30x_StdPeriph_Driver/src/stm32f30x_i2c.o
                0x080020c6                I2C_GetFlagStatus
 .text.I2C_ClearFlag
                0x080020d2        0x4 lib/STM32F30x_StdPeriph_Driver/src/stm32f30x_i2c.o
                0x080020d2                I2C_ClearFlag
 *fill*         0x080020d6        0x2 00
 .text.NVIC_PriorityGroupConfig
                0x080020d8       0x14 lib/STM32F30x_StdPeriph_Driver/src/stm32f30x_misc.o
                0x080020d8                NVIC_PriorityGroupConfig
 .text.NVIC_Init
                0x080020ec       0x68 lib/STM32F30x_StdPeriph_Driver/src/stm32f30x_misc.o
                0x080020ec                NVIC_Init
 .text.RCC_HSEConfig
                0x08002154       0x10 lib/STM32F30x_StdPeriph_Driver/src/stm32f30x_rcc.o
                0x08002154                RCC_HSEConfig
 .text.RCC_PLLCmd
                0x08002164        0xc lib/STM32F30x_StdPeriph_Driver/src/stm32f30x_rcc.o
                0x08002164                RCC_PLLCmd
 .text.RCC_SYSCLKConfig
                0x08002170       0x14 lib/STM32F30x_StdPeriph_Driver/src/stm32f30x_rcc.o
                0x08002170                RCC_SYSCLKConfig
 .text.RCC_GetSYSCLKSource
                0x08002184       0x10 lib/STM32F30x_StdPeriph_Driver/src/stm32f30x_rcc.o
                0x08002184                RCC_GetSYSCLKSource
 .text.RCC_GetClocksFreq
                0x08002194      0x260 lib/STM32F30x_StdPeriph_Driver/src/stm32f30x_rcc.o
                0x08002194                RCC_GetClocksFreq
 .text.RCC_USBCLKConfig
                0x080023f4        0xc lib/STM32F30x_StdPeriph_Driver/src/stm32f30x_rcc.o
                0x080023f4                RCC_USBCLKConfig
 .text.RCC_AHBPeriphClockCmd
                0x08002400       0x18 lib/STM32F30x_StdPeriph_Driver/src/stm32f30x_rcc.o
                0x08002400                RCC_AHBPeriphClockCmd
 .text.RCC_APB2PeriphClockCmd
                0x08002418       0x18 lib/STM32F30x_StdPeriph_Driver/src/stm32f30x_rcc.o
                0x08002418                RCC_APB2PeriphClockCmd
 .text.RCC_APB1PeriphClockCmd
                0x08002430       0x18 lib/STM32F30x_StdPeriph_Driver/src/stm32f30x_rcc.o
                0x08002430                RCC_APB1PeriphClockCmd
 .text.RCC_APB2PeriphResetCmd
                0x08002448       0x18 lib/STM32F30x_StdPeriph_Driver/src/stm32f30x_rcc.o
                0x08002448                RCC_APB2PeriphResetCmd
 .text.RCC_APB1PeriphResetCmd
                0x08002460       0x18 lib/STM32F30x_StdPeriph_Driver/src/stm32f30x_rcc.o
                0x08002460                RCC_APB1PeriphResetCmd
 .text.RCC_GetFlagStatus
                0x08002478       0x2c lib/STM32F30x_StdPeriph_Driver/src/stm32f30x_rcc.o
                0x08002478                RCC_GetFlagStatus
 .text.RCC_WaitForHSEStartUp
                0x080024a4       0x2c lib/STM32F30x_StdPeriph_Driver/src/stm32f30x_rcc.o
                0x080024a4                RCC_WaitForHSEStartUp
 .text.SPI_I2S_DeInit
                0x080024d0       0x64 lib/STM32F30x_StdPeriph_Driver/src/stm32f30x_spi.o
                0x080024d0                SPI_I2S_DeInit
 .text.SPI_Init
                0x08002534       0xaa lib/STM32F30x_StdPeriph_Driver/src/stm32f30x_spi.o
                0x08002534                SPI_Init
 .text.SPI_Cmd  0x080025de       0x1c lib/STM32F30x_StdPeriph_Driver/src/stm32f30x_spi.o
                0x080025de                SPI_Cmd
 .text.SPI_RxFIFOThresholdConfig
                0x080025fa       0x1e lib/STM32F30x_StdPeriph_Driver/src/stm32f30x_spi.o
                0x080025fa                SPI_RxFIFOThresholdConfig
 .text.SPI_SendData8
                0x08002618        0x4 lib/STM32F30x_StdPeriph_Driver/src/stm32f30x_spi.o
                0x08002618                SPI_SendData8
 .text.SPI_ReceiveData8
                0x0800261c        0x4 lib/STM32F30x_StdPeriph_Driver/src/stm32f30x_spi.o
                0x0800261c                SPI_ReceiveData8
 .text.SPI_I2S_GetFlagStatus
                0x08002620        0xc lib/STM32F30x_StdPeriph_Driver/src/stm32f30x_spi.o
                0x08002620                SPI_I2S_GetFlagStatus
 .text.SYSCFG_EXTILineConfig
                0x0800262c       0x34 lib/STM32F30x_StdPeriph_Driver/src/stm32f30x_syscfg.o
                0x0800262c                SYSCFG_EXTILineConfig
 .text.Standard_GetConfiguration
                0x08002660       0x24 lib/STM32_USB-FS-Device_Driver/src/usb_core.o
                0x08002660                Standard_GetConfiguration
 .text.Standard_GetInterface
                0x08002684       0x24 lib/STM32_USB-FS-Device_Driver/src/usb_core.o
                0x08002684                Standard_GetInterface
 .text.Standard_GetStatus
                0x080026a8       0xb4 lib/STM32_USB-FS-Device_Driver/src/usb_core.o
                0x080026a8                Standard_GetStatus
 .text.DataStageIn
                0x0800275c       0xac lib/STM32_USB-FS-Device_Driver/src/usb_core.o
 .text.Standard_SetConfiguration
                0x08002808       0x3c lib/STM32_USB-FS-Device_Driver/src/usb_core.o
                0x08002808                Standard_SetConfiguration
 .text.Standard_SetInterface
                0x08002844       0x50 lib/STM32_USB-FS-Device_Driver/src/usb_core.o
                0x08002844                Standard_SetInterface
 .text.Standard_ClearFeature
                0x08002894       0xec lib/STM32_USB-FS-Device_Driver/src/usb_core.o
                0x08002894                Standard_ClearFeature
 .text.Standard_SetEndPointFeature
                0x08002980       0x9c lib/STM32_USB-FS-Device_Driver/src/usb_core.o
                0x08002980                Standard_SetEndPointFeature
 .text.Standard_SetDeviceFeature
                0x08002a1c       0x24 lib/STM32_USB-FS-Device_Driver/src/usb_core.o
                0x08002a1c                Standard_SetDeviceFeature
 .text.Standard_GetDescriptorData
                0x08002a40       0x20 lib/STM32_USB-FS-Device_Driver/src/usb_core.o
                0x08002a40                Standard_GetDescriptorData
 .text.Post0_Process
                0x08002a60       0x48 lib/STM32_USB-FS-Device_Driver/src/usb_core.o
                0x08002a60                Post0_Process
 .text.Out0_Process
                0x08002aa8       0xd8 lib/STM32_USB-FS-Device_Driver/src/usb_core.o
                0x08002aa8                Out0_Process
 .text.Setup0_Process
                0x08002b80      0x310 lib/STM32_USB-FS-Device_Driver/src/usb_core.o
                0x08002b80                Setup0_Process
 .text.SetDeviceAddress
                0x08002e90       0x48 lib/STM32_USB-FS-Device_Driver/src/usb_core.o
                0x08002e90                SetDeviceAddress
 .text.In0_Process
                0x08002ed8       0x5c lib/STM32_USB-FS-Device_Driver/src/usb_core.o
                0x08002ed8                In0_Process
 .text.NOP_Process
                0x08002f34        0x2 lib/STM32_USB-FS-Device_Driver/src/usb_core.o
                0x08002f34                NOP_Process
 *fill*         0x08002f36        0x2 00
 .text.USB_Init
                0x08002f38       0x38 lib/STM32_USB-FS-Device_Driver/src/usb_init.o
                0x08002f38                USB_Init
 .text.CTR_LP   0x08002f70      0x1a0 lib/STM32_USB-FS-Device_Driver/src/usb_int.o
                0x08002f70                CTR_LP
 .text.UserToPMABufferCopy
                0x08003110       0x2e lib/STM32_USB-FS-Device_Driver/src/usb_mem.o
                0x08003110                UserToPMABufferCopy
 .text.PMAToUserBufferCopy
                0x0800313e       0x20 lib/STM32_USB-FS-Device_Driver/src/usb_mem.o
                0x0800313e                PMAToUserBufferCopy
 *fill*         0x0800315e        0x2 00
 .text.SetBTABLE
                0x08003160       0x14 lib/STM32_USB-FS-Device_Driver/src/usb_regs.o
                0x08003160                SetBTABLE
 .text.SetEPType
                0x08003174       0x1c lib/STM32_USB-FS-Device_Driver/src/usb_regs.o
                0x08003174                SetEPType
 .text.SetEPTxStatus
                0x08003190       0x3c lib/STM32_USB-FS-Device_Driver/src/usb_regs.o
                0x08003190                SetEPTxStatus
 .text.SetEPRxStatus
                0x080031cc       0x3c lib/STM32_USB-FS-Device_Driver/src/usb_regs.o
                0x080031cc                SetEPRxStatus
 .text.SetEPTxValid
                0x08003208       0x24 lib/STM32_USB-FS-Device_Driver/src/usb_regs.o
                0x08003208                SetEPTxValid
 .text.SetEPRxValid
                0x0800322c       0x24 lib/STM32_USB-FS-Device_Driver/src/usb_regs.o
                0x0800322c                SetEPRxValid
 .text.Clear_Status_Out
                0x08003250       0x20 lib/STM32_USB-FS-Device_Driver/src/usb_regs.o
                0x08003250                Clear_Status_Out
 .text.ClearDTOG_RX
                0x08003270       0x28 lib/STM32_USB-FS-Device_Driver/src/usb_regs.o
                0x08003270                ClearDTOG_RX
 .text.ClearDTOG_TX
                0x08003298       0x28 lib/STM32_USB-FS-Device_Driver/src/usb_regs.o
                0x08003298                ClearDTOG_TX
 .text.SetEPTxAddr
                0x080032c0       0x24 lib/STM32_USB-FS-Device_Driver/src/usb_regs.o
                0x080032c0                SetEPTxAddr
 .text.SetEPRxAddr
                0x080032e4       0x28 lib/STM32_USB-FS-Device_Driver/src/usb_regs.o
                0x080032e4                SetEPRxAddr
 .text.GetEPTxAddr
                0x0800330c       0x1c lib/STM32_USB-FS-Device_Driver/src/usb_regs.o
                0x0800330c                GetEPTxAddr
 .text.GetEPRxAddr
                0x08003328       0x1c lib/STM32_USB-FS-Device_Driver/src/usb_regs.o
                0x08003328                GetEPRxAddr
 .text.SetEPTxCount
                0x08003344       0x1c lib/STM32_USB-FS-Device_Driver/src/usb_regs.o
                0x08003344                SetEPTxCount
 .text.SetEPRxCount
                0x08003360       0x44 lib/STM32_USB-FS-Device_Driver/src/usb_regs.o
                0x08003360                SetEPRxCount
 .text.ByteSwap
                0x080033a4        0xa lib/STM32_USB-FS-Device_Driver/src/usb_regs.o
                0x080033a4                ByteSwap
 *fill*         0x080033ae        0x2 00
 .text.USB_SIL_Init
                0x080033b0       0x20 lib/STM32_USB-FS-Device_Driver/src/usb_sil.o
                0x080033b0                USB_SIL_Init
 .text.USB_SIL_Write
                0x080033d0       0x28 lib/STM32_USB-FS-Device_Driver/src/usb_sil.o
                0x080033d0                USB_SIL_Write
 .text.IntToUnicode
                0x080033f8       0x24 src/hw_config.o
 .text.Set_System
                0x0800341c       0x94 src/hw_config.o
                0x0800341c                Set_System
 .text.Set_USBClock
                0x080034b0       0x16 src/hw_config.o
                0x080034b0                Set_USBClock
 *fill*         0x080034c6        0x2 00
 .text.Enter_LowPowerMode
                0x080034c8       0x10 src/hw_config.o
                0x080034c8                Enter_LowPowerMode
 .text.Leave_LowPowerMode
                0x080034d8       0x58 src/hw_config.o
                0x080034d8                Leave_LowPowerMode
 .text.USB_Interrupts_Config
                0x08003530       0x4e src/hw_config.o
                0x08003530                USB_Interrupts_Config
 *fill*         0x0800357e        0x2 00
 .text.USB_Cable_Config
                0x08003580       0x1c src/hw_config.o
                0x08003580                USB_Cable_Config
 .text.Get_SerialNum
                0x0800359c       0x38 src/hw_config.o
                0x0800359c                Get_SerialNum
 .text.Demo_USB
                0x080035d4       0x2c src/main.o
                0x080035d4                Demo_USB
 .text.Demo_GyroConfig
                0x08003600       0x48 src/main.o
                0x08003600                Demo_GyroConfig
 .text.Demo_GyroReadAngRate
                0x08003648       0xec src/main.o
                0x08003648                Demo_GyroReadAngRate
 .text.Demo_CompassConfig
                0x08003734       0x62 src/main.o
                0x08003734                Demo_CompassConfig
 *fill*         0x08003796        0x2 00
 .text.Demo_CompassReadAcc
                0x08003798      0x130 src/main.o
                0x08003798                Demo_CompassReadAcc
 .text.Demo_CompassReadMag
                0x080038c8      0x15c src/main.o
                0x080038c8                Demo_CompassReadMag
 .text.Delay    0x08003a24       0x18 src/main.o
                0x08003a24                Delay
 *fill*         0x08003a3c        0x4 00
 .text.main     0x08003a40      0xa38 src/main.o
                0x08003a40                main
 .text.TimingDelay_Decrement
                0x08004478       0x14 src/main.o
                0x08004478                TimingDelay_Decrement
 .text.LSM303DLHC_TIMEOUT_UserCallback
                0x0800448c        0x4 src/main.o
                0x0800448c                LSM303DLHC_TIMEOUT_UserCallback
 .text.L3GD20_TIMEOUT_UserCallback
                0x08004490        0x4 src/main.o
                0x08004490                L3GD20_TIMEOUT_UserCallback
 .text.NMI_Handler
                0x08004494        0x2 src/stm32f30x_it.o
                0x08004494                NMI_Handler
 .text.HardFault_Handler
                0x08004496        0x2 src/stm32f30x_it.o
                0x08004496                HardFault_Handler
 .text.MemManage_Handler
                0x08004498        0x2 src/stm32f30x_it.o
                0x08004498                MemManage_Handler
 .text.BusFault_Handler
                0x0800449a        0x2 src/stm32f30x_it.o
                0x0800449a                BusFault_Handler
 .text.UsageFault_Handler
                0x0800449c        0x2 src/stm32f30x_it.o
                0x0800449c                UsageFault_Handler
 .text.SVC_Handler
                0x0800449e        0x2 src/stm32f30x_it.o
                0x0800449e                SVC_Handler
 .text.DebugMon_Handler
                0x080044a0        0x2 src/stm32f30x_it.o
                0x080044a0                DebugMon_Handler
 .text.PendSV_Handler
                0x080044a2        0x2 src/stm32f30x_it.o
                0x080044a2                PendSV_Handler
 .text.SysTick_Handler
                0x080044a4       0x20 src/stm32f30x_it.o
                0x080044a4                SysTick_Handler
 .text.EXTI0_IRQHandler
                0x080044c4       0x68 src/stm32f30x_it.o
                0x080044c4                EXTI0_IRQHandler
 .text.USB_LP_CAN1_RX0_IRQHandler
                0x0800452c        0x4 src/stm32f30x_it.o
                0x0800452c                USB_LP_CAN1_RX0_IRQHandler
 .text.USBWakeUp_IRQHandler
                0x08004530       0x12 src/stm32f30x_it.o
                0x08004530                USBWakeUp_IRQHandler
 *fill*         0x08004542        0x2 00
 .text.SystemInit
                0x08004544      0x108 src/system_stm32f30x.o
                0x08004544                SystemInit
 .text.EP1_IN_Callback
                0x0800464c        0xc src/usb_endp.o
                0x0800464c                EP1_IN_Callback
 .text.USB_Istr
                0x08004658       0xf0 src/usb_istr.o
                0x08004658                USB_Istr
 .text.Joystick_SetConfiguration
                0x08004748       0x18 src/usb_prop.o
                0x08004748                Joystick_SetConfiguration
 .text.Joystick_SetDeviceAddress
                0x08004760        0xc src/usb_prop.o
                0x08004760                Joystick_SetDeviceAddress
 .text.Joystick_Status_In
                0x0800476c        0x2 src/usb_prop.o
                0x0800476c                Joystick_Status_In
 .text.Joystick_Status_Out
                0x0800476e        0x2 src/usb_prop.o
                0x0800476e                Joystick_Status_Out
 .text.Joystick_Data_Setup
                0x08004770       0x6c src/usb_prop.o
                0x08004770                Joystick_Data_Setup
 .text.Joystick_Get_Interface_Setting
                0x080047dc       0x10 src/usb_prop.o
                0x080047dc                Joystick_Get_Interface_Setting
 .text.Joystick_GetProtocolValue
                0x080047ec       0x18 src/usb_prop.o
                0x080047ec                Joystick_GetProtocolValue
 .text.Joystick_GetHIDDescriptor
                0x08004804        0xc src/usb_prop.o
                0x08004804                Joystick_GetHIDDescriptor
 .text.Joystick_GetReportDescriptor
                0x08004810        0xc src/usb_prop.o
                0x08004810                Joystick_GetReportDescriptor
 .text.Joystick_GetStringDescriptor
                0x0800481c       0x20 src/usb_prop.o
                0x0800481c                Joystick_GetStringDescriptor
 .text.Joystick_GetConfigDescriptor
                0x0800483c        0xc src/usb_prop.o
                0x0800483c                Joystick_GetConfigDescriptor
 .text.Joystick_GetDeviceDescriptor
                0x08004848        0xc src/usb_prop.o
                0x08004848                Joystick_GetDeviceDescriptor
 .text.Joystick_Reset
                0x08004854       0x9c src/usb_prop.o
                0x08004854                Joystick_Reset
 .text.Joystick_init
                0x080048f0       0x24 src/usb_prop.o
                0x080048f0                Joystick_init
 .text.Joystick_SetProtocol
                0x08004914       0x18 src/usb_prop.o
                0x08004914                Joystick_SetProtocol
 .text.Joystick_NoData_Setup
                0x0800492c       0x20 src/usb_prop.o
                0x0800492c                Joystick_NoData_Setup
 .text.PowerOn  0x0800494c       0x30 src/usb_pwr.o
                0x0800494c                PowerOn
 .text.Suspend  0x0800497c       0x20 src/usb_pwr.o
                0x0800497c                Suspend
 .text.Resume_Init
                0x0800499c       0x20 src/usb_pwr.o
                0x0800499c                Resume_Init
 .text.Resume   0x080049bc       0x8c src/usb_pwr.o
                0x080049bc                Resume
 .text.STM_EVAL_LEDInit
                0x08004a48       0x48 util/STM32F3_Discovery/stm32f3_discovery.o
                0x08004a48                STM_EVAL_LEDInit
 .text.STM_EVAL_LEDOn
                0x08004a90       0x18 util/STM32F3_Discovery/stm32f3_discovery.o
                0x08004a90                STM_EVAL_LEDOn
 .text.STM_EVAL_LEDOff
                0x08004aa8       0x18 util/STM32F3_Discovery/stm32f3_discovery.o
                0x08004aa8                STM_EVAL_LEDOff
 .text.STM_EVAL_LEDToggle
                0x08004ac0       0x20 util/STM32F3_Discovery/stm32f3_discovery.o
                0x08004ac0                STM_EVAL_LEDToggle
 .text.STM_EVAL_PBInit
                0x08004ae0       0xa8 util/STM32F3_Discovery/stm32f3_discovery.o
                0x08004ae0                STM_EVAL_PBInit
 .text.STM_EVAL_PBGetState
                0x08004b88       0x20 util/STM32F3_Discovery/stm32f3_discovery.o
                0x08004b88                STM_EVAL_PBGetState
 .text.L3GD20_SendByte
                0x08004ba8       0x60 util/STM32F3_Discovery/stm32f3_discovery_l3gd20.o
 .text.L3GD20_Write
                0x08004c08       0x40 util/STM32F3_Discovery/stm32f3_discovery_l3gd20.o
                0x08004c08                L3GD20_Write
 .text.L3GD20_Init
                0x08004c48      0x1b8 util/STM32F3_Discovery/stm32f3_discovery_l3gd20.o
                0x08004c48                L3GD20_Init
 .text.L3GD20_Read
                0x08004e00       0x44 util/STM32F3_Discovery/stm32f3_discovery_l3gd20.o
                0x08004e00                L3GD20_Read
 .text.L3GD20_FilterCmd
                0x08004e44       0x2c util/STM32F3_Discovery/stm32f3_discovery_l3gd20.o
                0x08004e44                L3GD20_FilterCmd
 .text.L3GD20_FilterConfig
                0x08004e70       0x38 util/STM32F3_Discovery/stm32f3_discovery_l3gd20.o
                0x08004e70                L3GD20_FilterConfig
 .text.LSM303DLHC_LowLevel_Init
                0x08004ea8      0x120 util/STM32F3_Discovery/stm32f3_discovery_lsm303dlhc.o
 .text.LSM303DLHC_Write
                0x08004fc8       0xf0 util/STM32F3_Discovery/stm32f3_discovery_lsm303dlhc.o
                0x08004fc8                LSM303DLHC_Write
 .text.LSM303DLHC_MagInit
                0x080050b8       0x6c util/STM32F3_Discovery/stm32f3_discovery_lsm303dlhc.o
                0x080050b8                LSM303DLHC_MagInit
 .text.LSM303DLHC_AccInit
                0x08005124       0x68 util/STM32F3_Discovery/stm32f3_discovery_lsm303dlhc.o
                0x08005124                LSM303DLHC_AccInit
 .text.LSM303DLHC_Read
                0x0800518c      0x108 util/STM32F3_Discovery/stm32f3_discovery_lsm303dlhc.o
                0x0800518c                LSM303DLHC_Read
 .text.LSM303DLHC_AccFilterConfig
                0x08005294       0x46 util/STM32F3_Discovery/stm32f3_discovery_lsm303dlhc.o
                0x08005294                LSM303DLHC_AccFilterConfig
 *(.rodata)
 *fill*         0x080052da        0x2 00
 .rodata        0x080052dc       0x20 /home/laurence/CodeSourcery/Sourcery_G++_Lite/bin/../lib/gcc/arm-none-eabi/4.5.2/../../../../arm-none-eabi/lib/thumb2/libm.a(lib_a-sf_atan.o)
 *(.rodata*)
 .rodata.CSWTCH.84
                0x080052fc       0x84 src/main.o
 .rodata.Joystick_ConfigDescriptor
                0x08005380       0x22 src/usb_desc.o
                0x08005380                Joystick_ConfigDescriptor
 .rodata.Joystick_StringVendor
                0x080053a2       0x26 src/usb_desc.o
                0x080053a2                Joystick_StringVendor
 .rodata.Joystick_DeviceDescriptor
                0x080053c8       0x12 src/usb_desc.o
                0x080053c8                Joystick_DeviceDescriptor
 .rodata.Joystick_StringProduct
                0x080053da       0x1e src/usb_desc.o
                0x080053da                Joystick_StringProduct
 .rodata.Joystick_ReportDescriptor
                0x080053f8       0x4a src/usb_desc.o
                0x080053f8                Joystick_ReportDescriptor
 .rodata.Joystick_StringLangID
                0x08005442        0x4 src/usb_desc.o
                0x08005442                Joystick_StringLangID
 *fill*         0x08005446        0x2 00
 .rodata.BUTTON_CLK
                0x08005448        0x4 util/STM32F3_Discovery/stm32f3_discovery.o
                0x08005448                BUTTON_CLK
 .rodata.BUTTON_PIN
                0x0800544c        0x2 util/STM32F3_Discovery/stm32f3_discovery.o
                0x0800544c                BUTTON_PIN
 *fill*         0x0800544e        0x2 00
 .rodata.GPIO_CLK
                0x08005450       0x20 util/STM32F3_Discovery/stm32f3_discovery.o
                0x08005450                GPIO_CLK
 .rodata.GPIO_PIN
                0x08005470       0x10 util/STM32F3_Discovery/stm32f3_discovery.o
                0x08005470                GPIO_PIN
 .rodata.BUTTON_PORT_SOURCE
                0x08005480        0x1 util/STM32F3_Discovery/stm32f3_discovery.o
                0x08005480                BUTTON_PORT_SOURCE
 .rodata.BUTTON_PIN_SOURCE
                0x08005481        0x1 util/STM32F3_Discovery/stm32f3_discovery.o
                0x08005481                BUTTON_PIN_SOURCE
 .rodata.BUTTON_IRQn
                0x08005482        0x1 util/STM32F3_Discovery/stm32f3_discovery.o
                0x08005482                BUTTON_IRQn
 *fill*         0x08005483        0x1 00
 .rodata.BUTTON_EXTI_LINE
                0x08005484        0x2 util/STM32F3_Discovery/stm32f3_discovery.o
                0x08005484                BUTTON_EXTI_LINE
 *fill*         0x08005486        0x2 00
 .rodata.str1.4
                0x08005488        0x5 /home/laurence/CodeSourcery/Sourcery_G++_Lite/bin/../lib/gcc/arm-none-eabi/4.5.2/../../../../arm-none-eabi/lib/thumb2/libm.a(lib_a-w_sqrt.o)
                                  0x8 (size before relaxing)
 *fill*         0x0800548d        0x3 00
 .rodata.str1.4
                0x08005490        0x6 /home/laurence/CodeSourcery/Sourcery_G++_Lite/bin/../lib/gcc/arm-none-eabi/4.5.2/../../../../arm-none-eabi/lib/thumb2/libm.a(lib_a-wf_acos.o)
                                  0xc (size before relaxing)
 *fill*         0x08005496        0x2 00
 .rodata.str1.4
                0x08005498        0x6 /home/laurence/CodeSourcery/Sourcery_G++_Lite/bin/../lib/gcc/arm-none-eabi/4.5.2/../../../../arm-none-eabi/lib/thumb2/libm.a(lib_a-wf_sqrt.o)
                                  0x8 (size before relaxing)
 *fill*         0x0800549e        0x2 00
 .rodata.str1.4
                0x080054a0        0x4 /home/laurence/CodeSourcery/Sourcery_G++_Lite/bin/../lib/gcc/arm-none-eabi/4.5.2/../../../../arm-none-eabi/lib/thumb2/libc.a(lib_a-impure.o)
 *(.glue_7)
 .glue_7        0x00000000        0x0 linker stubs
 *(.glue_7t)
 .glue_7t       0x00000000        0x0 linker stubs
 *(.eh_frame)
 *(.init)
 .init          0x080054a4        0x4 /home/laurence/CodeSourcery/Sourcery_G++_Lite/bin/../lib/gcc/arm-none-eabi/4.5.2/thumb2/crti.o
                0x080054a4                _init
 .init          0x080054a8        0x8 /home/laurence/CodeSourcery/Sourcery_G++_Lite/bin/../lib/gcc/arm-none-eabi/4.5.2/thumb2/crtn.o
 *(.fini)
 .fini          0x080054b0        0x4 /home/laurence/CodeSourcery/Sourcery_G++_Lite/bin/../lib/gcc/arm-none-eabi/4.5.2/thumb2/crti.o
                0x080054b0                _fini
 .fini          0x080054b4        0x8 /home/laurence/CodeSourcery/Sourcery_G++_Lite/bin/../lib/gcc/arm-none-eabi/4.5.2/thumb2/crtn.o
                0x080054bc                . = ALIGN (0x4)
                0x080054bc                _etext = .

.vfp11_veneer   0x080054bc        0x0
 .vfp11_veneer  0x00000000        0x0 linker stubs

.v4_bx          0x080054bc        0x0
 .v4_bx         0x00000000        0x0 linker stubs

.ARM.extab
 *(.ARM.extab* .gnu.linkonce.armextab.*)

.ARM            0x080054bc        0x0
                0x080054bc                __exidx_start = .
 *(.ARM.exidx*)
                0x080054bc                __exidx_end = .

.preinit_array  0x080054bc        0x0
                0x080054bc                PROVIDE (__preinit_array_start, .)
 *(.preinit_array*)
                0x080054bc                PROVIDE (__preinit_array_end, .)

.init_array     0x080054bc        0x4
                0x080054bc                PROVIDE (__init_array_start, .)
 *(SORT(.init_array.*))
 *(.init_array*)
 .init_array    0x080054bc        0x4 /home/laurence/CodeSourcery/Sourcery_G++_Lite/bin/../lib/gcc/arm-none-eabi/4.5.2/thumb2/crtbegin.o
                0x080054c0                PROVIDE (__init_array_end, .)

.fini_array     0x080054c0        0x4
                0x080054c0                PROVIDE (__fini_array_start, .)
 *(SORT(.fini_array.*))
 *(.fini_array*)
 .fini_array    0x080054c0        0x4 /home/laurence/CodeSourcery/Sourcery_G++_Lite/bin/../lib/gcc/arm-none-eabi/4.5.2/thumb2/crtbegin.o
                0x080054c4                PROVIDE (__fini_array_end, .)
                0x080054c4                _sidata = LOADADDR (.data)

.data           0x20000000      0x240 load address 0x080054c4
                0x20000000                . = ALIGN (0x4)
                0x20000000                _sdata = .
 *(.data)
 .data          0x20000000        0x1 /home/laurence/CodeSourcery/Sourcery_G++_Lite/bin/../lib/gcc/arm-none-eabi/4.5.2/../../../../arm-none-eabi/lib/thumb2/libm.a(lib_a-s_lib_ver.o)
                0x20000000                __fdlib_version
 *fill*         0x20000001        0x3 00
 .data          0x20000004       0xf4 /home/laurence/CodeSourcery/Sourcery_G++_Lite/bin/../lib/gcc/arm-none-eabi/4.5.2/../../../../arm-none-eabi/lib/thumb2/libc.a(lib_a-impure.o)
                0x20000004                _impure_ptr
 *(.data*)
 .data.ADCPrescTable
                0x200000f8       0x1a lib/STM32F30x_StdPeriph_Driver/src/stm32f30x_rcc.o
 .data.APBAHBPrescTable
                0x20000112       0x10 lib/STM32F30x_StdPeriph_Driver/src/stm32f30x_rcc.o
 *fill*         0x20000122        0x2 00
 .data.USBConnectTimeOut
                0x20000124        0x4 src/main.o
                0x20000124                USBConnectTimeOut
 .data.PrevXferComplete
                0x20000128        0x1 src/main.o
                0x20000128                PrevXferComplete
 .data.Joystick_StringSerial
                0x20000129       0x1a src/usb_desc.o
                0x20000129                Joystick_StringSerial
 *fill*         0x20000143        0x1 00
 .data.pEpInt_IN
                0x20000144       0x1c src/usb_istr.o
                0x20000144                pEpInt_IN
 .data.pEpInt_OUT
                0x20000160       0x1c src/usb_istr.o
                0x20000160                pEpInt_OUT
 .data.Device_Property
                0x2000017c       0x30 src/usb_prop.o
                0x2000017c                Device_Property
 .data.User_Standard_Requests
                0x200001ac       0x24 src/usb_prop.o
                0x200001ac                User_Standard_Requests
 .data.Joystick_Report_Descriptor
                0x200001d0        0x8 src/usb_prop.o
                0x200001d0                Joystick_Report_Descriptor
 .data.Mouse_Hid_Descriptor
                0x200001d8        0x8 src/usb_prop.o
                0x200001d8                Mouse_Hid_Descriptor
 .data.Config_Descriptor
                0x200001e0        0x8 src/usb_prop.o
                0x200001e0                Config_Descriptor
 .data.Device_Descriptor
                0x200001e8        0x8 src/usb_prop.o
                0x200001e8                Device_Descriptor
 .data.String_Descriptor
                0x200001f0       0x20 src/usb_prop.o
                0x200001f0                String_Descriptor
 .data.Device_Table
                0x20000210        0x2 src/usb_prop.o
                0x20000210                Device_Table
 .data.fSuspendEnabled
                0x20000212        0x1 src/usb_pwr.o
                0x20000212                fSuspendEnabled
 *fill*         0x20000213        0x1 00
 .data.GPIO_PORT
                0x20000214       0x20 util/STM32F3_Discovery/stm32f3_discovery.o
                0x20000214                GPIO_PORT
 .data.BUTTON_PORT
                0x20000234        0x4 util/STM32F3_Discovery/stm32f3_discovery.o
                0x20000234                BUTTON_PORT
 .data.L3GD20Timeout
                0x20000238        0x4 util/STM32F3_Discovery/stm32f3_discovery_l3gd20.o
                0x20000238                L3GD20Timeout
 .data.LSM303DLHC_Timeout
                0x2000023c        0x4 util/STM32F3_Discovery/stm32f3_discovery_lsm303dlhc.o
                0x2000023c                LSM303DLHC_Timeout
                0x20000240                . = ALIGN (0x4)
                0x20000240                _edata = .
                0x08005704                _siccmram = LOADADDR (.ccmram)

.jcr            0x20000240        0x0 load address 0x08005704
 .jcr           0x20000240        0x0 /home/laurence/CodeSourcery/Sourcery_G++_Lite/bin/../lib/gcc/arm-none-eabi/4.5.2/thumb2/crtbegin.o

.ccmram         0x10000000        0x0 load address 0x08005704
                0x10000000                . = ALIGN (0x4)
                0x10000000                _sccmram = .
 *(.ccmram)
 *(.ccmram*)
                0x10000000                . = ALIGN (0x4)
                0x10000000                _eccmram = .
                0x10000000                . = ALIGN (0x4)

.bss            0x20000240      0x118
                0x20000240                _sbss = .
                0x20000240                __bss_start__ = _sbss
 *(.bss)
 .bss           0x20000240        0x1 /home/laurence/CodeSourcery/Sourcery_G++_Lite/bin/../lib/gcc/arm-none-eabi/4.5.2/thumb2/crtbegin.o
 *(.bss*)
 .bss.Data_Mul_MaxPacketSize
                0x20000241        0x1 lib/STM32_USB-FS-Device_Driver/src/usb_core.o
                0x20000241                Data_Mul_MaxPacketSize
 .bss.StatusInfo
                0x20000242        0x2 lib/STM32_USB-FS-Device_Driver/src/usb_core.o
                0x20000242                StatusInfo
 .bss.Device_Info
                0x20000244       0x1c lib/STM32_USB-FS-Device_Driver/src/usb_init.o
                0x20000244                Device_Info
 .bss.EPindex   0x20000260        0x1 lib/STM32_USB-FS-Device_Driver/src/usb_init.o
                0x20000260                EPindex
 *fill*         0x20000261        0x3 00
 .bss.pInformation
                0x20000264        0x4 lib/STM32_USB-FS-Device_Driver/src/usb_init.o
                0x20000264                pInformation
 .bss.pUser_Standard_Requests
                0x20000268        0x4 lib/STM32_USB-FS-Device_Driver/src/usb_init.o
                0x20000268                pUser_Standard_Requests
 .bss.wInterrupt_Mask
                0x2000026c        0x2 lib/STM32_USB-FS-Device_Driver/src/usb_init.o
                0x2000026c                wInterrupt_Mask
 *fill*         0x2000026e        0x2 00
 .bss.pProperty
                0x20000270        0x4 lib/STM32_USB-FS-Device_Driver/src/usb_init.o
                0x20000270                pProperty
 .bss.SaveRState
                0x20000274        0x2 lib/STM32_USB-FS-Device_Driver/src/usb_int.o
                0x20000274                SaveRState
 .bss.SaveTState
                0x20000276        0x2 lib/STM32_USB-FS-Device_Driver/src/usb_int.o
                0x20000276                SaveTState
 .bss.EXTI_InitStructure
                0x20000278        0x8 src/hw_config.o
                0x20000278                EXTI_InitStructure
 .bss.HSEStartUpStatus
                0x20000280        0x1 src/hw_config.o
                0x20000280                HSEStartUpStatus
 *fill*         0x20000281        0x3 00
 .bss.fCosPitch
                0x20000284        0x4 src/main.o
                0x20000284                fCosPitch
 .bss.Mouse_Button
                0x20000288        0x1 src/main.o
                0x20000288                Mouse_Button
 *fill*         0x20000289        0x3 00
 .bss.HeadingValue
                0x2000028c        0x4 src/main.o
                0x2000028c                HeadingValue
 .bss.Dot_Norm  0x20000290        0x4 src/main.o
                0x20000290                Dot_Norm
 .bss.Buffer    0x20000294        0xc src/main.o
                0x20000294                Buffer
 .bss.Xval      0x200002a0        0x1 src/main.o
                0x200002a0                Xval
 *fill*         0x200002a1        0x3 00
 .bss.TimingDelay
                0x200002a4        0x4 src/main.o
                0x200002a4                TimingDelay
 .bss.buffer.9029
                0x200002a8        0x6 src/main.o
 *fill*         0x200002ae        0x2 00
 .bss.Start_Pitch.8968
                0x200002b0        0x4 src/main.o
 .bss.fSinRoll  0x200002b4        0x4 src/main.o
                0x200002b4                fSinRoll
 .bss.Yval      0x200002b8        0x1 src/main.o
                0x200002b8                Yval
 *fill*         0x200002b9        0x3 00
 .bss.fTiltedX  0x200002bc        0x4 src/main.o
                0x200002bc                fTiltedX
 .bss.fTiltedY  0x200002c0        0x4 src/main.o
                0x200002c0                fTiltedY
 .bss.fNormAcc  0x200002c4        0x4 src/main.o
                0x200002c4                fNormAcc
 .bss.HID_Buffer.8965
                0x200002c8        0x4 src/main.o
 .bss.Start_Heading.8967
                0x200002cc        0x4 src/main.o
 .bss.Mouse_Buffer
                0x200002d0        0x4 src/main.o
                0x200002d0                Mouse_Buffer
 .bss.RCC_Clocks
                0x200002d4       0x3c src/main.o
                0x200002d4                RCC_Clocks
 .bss.MagBuffer
                0x20000310        0xc src/main.o
                0x20000310                MagBuffer
 .bss.AccBuffer
                0x2000031c        0xc src/main.o
                0x2000031c                AccBuffer
 .bss.fCosRoll  0x20000328        0x4 src/main.o
                0x20000328                fCosRoll
 .bss.PitchAng  0x2000032c        0x4 src/main.o
                0x2000032c                PitchAng
 .bss.DataReady
                0x20000330        0x1 src/main.o
                0x20000330                DataReady
 *fill*         0x20000331        0x3 00
 .bss.UserButtonPressed
                0x20000334        0x4 src/main.o
                0x20000334                UserButtonPressed
 .bss.fSinPitch
                0x20000338        0x4 src/main.o
                0x20000338                fSinPitch
 .bss.RollAng   0x2000033c        0x4 src/main.o
                0x2000033c                RollAng
 .bss.iter.8966
                0x20000340        0x4 src/main.o
 .bss.i         0x20000344        0x4 src/stm32f30x_it.o
                0x20000344                i
 .bss.bIntPackSOF
                0x20000348        0x1 src/usb_istr.o
                0x20000348                bIntPackSOF
 *fill*         0x20000349        0x1 00
 .bss.wIstr     0x2000034a        0x2 src/usb_istr.o
                0x2000034a                wIstr
 .bss.ProtocolValue
                0x2000034c        0x4 src/usb_prop.o
                0x2000034c                ProtocolValue
 .bss.ResumeS   0x20000350        0x2 src/usb_pwr.o
                0x20000350                ResumeS
 *fill*         0x20000352        0x2 00
 .bss.bDeviceState
                0x20000354        0x4 src/usb_pwr.o
                0x20000354                bDeviceState
 *(COMMON)
                0x20000358                . = ALIGN (0x4)
                0x20000358                _ebss = .
                0x20000358                __bss_end__ = _ebss

._user_heap_stack
                0x20000358      0x200
                0x20000358                . = ALIGN (0x4)
                0x20000358                PROVIDE (end, .)
                0x20000358                PROVIDE (_end, .)
                0x20000358                . = (. + _Min_Heap_Size)
                0x20000558                . = (. + _Min_Stack_Size)
 *fill*         0x20000358      0x200 00
                0x20000558                . = ALIGN (0x4)

.memory_b1_text
 *(.mb1text)
 *(.mb1text*)
 *(.mb1rodata)
 *(.mb1rodata*)

/DISCARD/
 libc.a(*)
 libm.a(*)
 libgcc.a(*)

.ARM.attributes
                0x00000000       0x33
 *(.ARM.attributes)
 .ARM.attributes
                0x00000000       0x19 /home/laurence/CodeSourcery/Sourcery_G++_Lite/bin/../lib/gcc/arm-none-eabi/4.5.2/thumb2/crti.o
 .ARM.attributes
                0x00000019       0x29 /home/laurence/CodeSourcery/Sourcery_G++_Lite/bin/../lib/gcc/arm-none-eabi/4.5.2/thumb2/crtbegin.o
 .ARM.attributes
                0x00000042       0x21 lib/CMSIS/Device/ST/STM32F30x/Source/Templates/gcc_ride7/startup_stm32f30x.o
 .ARM.attributes
                0x00000063       0x37 lib/STM32F30x_StdPeriph_Driver/src/stm32f30x_adc.o
 .ARM.attributes
                0x0000009a       0x37 lib/STM32F30x_StdPeriph_Driver/src/stm32f30x_can.o
 .ARM.attributes
                0x000000d1       0x37 lib/STM32F30x_StdPeriph_Driver/src/stm32f30x_comp.o
 .ARM.attributes
                0x00000108       0x37 lib/STM32F30x_StdPeriph_Driver/src/stm32f30x_crc.o
 .ARM.attributes
                0x0000013f       0x37 lib/STM32F30x_StdPeriph_Driver/src/stm32f30x_dac.o
 .ARM.attributes
                0x00000176       0x37 lib/STM32F30x_StdPeriph_Driver/src/stm32f30x_dbgmcu.o
 .ARM.attributes
                0x000001ad       0x37 lib/STM32F30x_StdPeriph_Driver/src/stm32f30x_dma.o
 .ARM.attributes
                0x000001e4       0x37 lib/STM32F30x_StdPeriph_Driver/src/stm32f30x_exti.o
 .ARM.attributes
                0x0000021b       0x37 lib/STM32F30x_StdPeriph_Driver/src/stm32f30x_flash.o
 .ARM.attributes
                0x00000252       0x37 lib/STM32F30x_StdPeriph_Driver/src/stm32f30x_gpio.o
 .ARM.attributes
                0x00000289       0x37 lib/STM32F30x_StdPeriph_Driver/src/stm32f30x_i2c.o
 .ARM.attributes
                0x000002c0       0x37 lib/STM32F30x_StdPeriph_Driver/src/stm32f30x_iwdg.o
 .ARM.attributes
                0x000002f7       0x37 lib/STM32F30x_StdPeriph_Driver/src/stm32f30x_misc.o
 .ARM.attributes
                0x0000032e       0x37 lib/STM32F30x_StdPeriph_Driver/src/stm32f30x_opamp.o
 .ARM.attributes
                0x00000365       0x37 lib/STM32F30x_StdPeriph_Driver/src/stm32f30x_pwr.o
 .ARM.attributes
                0x0000039c       0x37 lib/STM32F30x_StdPeriph_Driver/src/stm32f30x_rcc.o
 .ARM.attributes
                0x000003d3       0x37 lib/STM32F30x_StdPeriph_Driver/src/stm32f30x_rtc.o
 .ARM.attributes
                0x0000040a       0x37 lib/STM32F30x_StdPeriph_Driver/src/stm32f30x_spi.o
 .ARM.attributes
                0x00000441       0x37 lib/STM32F30x_StdPeriph_Driver/src/stm32f30x_syscfg.o
 .ARM.attributes
                0x00000478       0x37 lib/STM32F30x_StdPeriph_Driver/src/stm32f30x_tim.o
 .ARM.attributes
                0x000004af       0x37 lib/STM32F30x_StdPeriph_Driver/src/stm32f30x_usart.o
 .ARM.attributes
                0x000004e6       0x37 lib/STM32F30x_StdPeriph_Driver/src/stm32f30x_wwdg.o
 .ARM.attributes
                0x0000051d       0x37 lib/STM32_USB-FS-Device_Driver/src/usb_core.o
 .ARM.attributes
                0x00000554       0x37 lib/STM32_USB-FS-Device_Driver/src/usb_init.o
 .ARM.attributes
                0x0000058b       0x37 lib/STM32_USB-FS-Device_Driver/src/usb_int.o
 .ARM.attributes
                0x000005c2       0x37 lib/STM32_USB-FS-Device_Driver/src/usb_mem.o
 .ARM.attributes
                0x000005f9       0x37 lib/STM32_USB-FS-Device_Driver/src/usb_regs.o
 .ARM.attributes
                0x00000630       0x37 lib/STM32_USB-FS-Device_Driver/src/usb_sil.o
 .ARM.attributes
                0x00000667       0x37 src/hw_config.o
 .ARM.attributes
                0x0000069e       0x37 src/main.o
 .ARM.attributes
                0x000006d5       0x37 src/stm32f30x_it.o
 .ARM.attributes
                0x0000070c       0x37 src/system_stm32f30x.o
 .ARM.attributes
                0x00000743       0x37 src/usb_desc.o
 .ARM.attributes
                0x0000077a       0x37 src/usb_endp.o
 .ARM.attributes
                0x000007b1       0x37 src/usb_istr.o
 .ARM.attributes
                0x000007e8       0x37 src/usb_prop.o
 .ARM.attributes
                0x0000081f       0x37 src/usb_pwr.o
 .ARM.attributes
                0x00000856       0x37 util/STM32F3_Discovery/stm32f3_discovery.o
 .ARM.attributes
                0x0000088d       0x37 util/STM32F3_Discovery/stm32f3_discovery_l3gd20.o
 .ARM.attributes
                0x000008c4       0x37 util/STM32F3_Discovery/stm32f3_discovery_lsm303dlhc.o
 .ARM.attributes
                0x000008fb       0x29 /home/laurence/CodeSourcery/Sourcery_G++_Lite/bin/../lib/gcc/arm-none-eabi/4.5.2/../../../../arm-none-eabi/lib/thumb2/libm.a(lib_a-w_sqrt.o)
 .ARM.attributes
                0x00000924       0x29 /home/laurence/CodeSourcery/Sourcery_G++_Lite/bin/../lib/gcc/arm-none-eabi/4.5.2/../../../../arm-none-eabi/lib/thumb2/libm.a(lib_a-wf_acos.o)
 .ARM.attributes
                0x0000094d       0x29 /home/laurence/CodeSourcery/Sourcery_G++_Lite/bin/../lib/gcc/arm-none-eabi/4.5.2/../../../../arm-none-eabi/lib/thumb2/libm.a(lib_a-wf_atan2.o)
 .ARM.attributes
                0x00000976       0x29 /home/laurence/CodeSourcery/Sourcery_G++_Lite/bin/../lib/gcc/arm-none-eabi/4.5.2/../../../../arm-none-eabi/lib/thumb2/libm.a(lib_a-wf_sqrt.o)
 .ARM.attributes
                0x0000099f       0x29 /home/laurence/CodeSourcery/Sourcery_G++_Lite/bin/../lib/gcc/arm-none-eabi/4.5.2/../../../../arm-none-eabi/lib/thumb2/libm.a(lib_a-e_sqrt.o)
 .ARM.attributes
                0x000009c8       0x29 /home/laurence/CodeSourcery/Sourcery_G++_Lite/bin/../lib/gcc/arm-none-eabi/4.5.2/../../../../arm-none-eabi/lib/thumb2/libm.a(lib_a-ef_acos.o)
 .ARM.attributes
                0x000009f1       0x29 /home/laurence/CodeSourcery/Sourcery_G++_Lite/bin/../lib/gcc/arm-none-eabi/4.5.2/../../../../arm-none-eabi/lib/thumb2/libm.a(lib_a-ef_atan2.o)
 .ARM.attributes
                0x00000a1a       0x29 /home/laurence/CodeSourcery/Sourcery_G++_Lite/bin/../lib/gcc/arm-none-eabi/4.5.2/../../../../arm-none-eabi/lib/thumb2/libm.a(lib_a-ef_sqrt.o)
 .ARM.attributes
                0x00000a43       0x29 /home/laurence/CodeSourcery/Sourcery_G++_Lite/bin/../lib/gcc/arm-none-eabi/4.5.2/../../../../arm-none-eabi/lib/thumb2/libm.a(lib_a-s_fpclassify.o)
 .ARM.attributes
                0x00000a6c       0x29 /home/laurence/CodeSourcery/Sourcery_G++_Lite/bin/../lib/gcc/arm-none-eabi/4.5.2/../../../../arm-none-eabi/lib/thumb2/libm.a(lib_a-s_lib_ver.o)
 .ARM.attributes
                0x00000a95       0x29 /home/laurence/CodeSourcery/Sourcery_G++_Lite/bin/../lib/gcc/arm-none-eabi/4.5.2/../../../../arm-none-eabi/lib/thumb2/libm.a(lib_a-s_matherr.o)
 .ARM.attributes
                0x00000abe       0x29 /home/laurence/CodeSourcery/Sourcery_G++_Lite/bin/../lib/gcc/arm-none-eabi/4.5.2/../../../../arm-none-eabi/lib/thumb2/libm.a(lib_a-s_nan.o)
 .ARM.attributes
                0x00000ae7       0x29 /home/laurence/CodeSourcery/Sourcery_G++_Lite/bin/../lib/gcc/arm-none-eabi/4.5.2/../../../../arm-none-eabi/lib/thumb2/libm.a(lib_a-sf_atan.o)
 .ARM.attributes
                0x00000b10       0x29 /home/laurence/CodeSourcery/Sourcery_G++_Lite/bin/../lib/gcc/arm-none-eabi/4.5.2/../../../../arm-none-eabi/lib/thumb2/libm.a(lib_a-sf_fabs.o)
 .ARM.attributes
                0x00000b39       0x29 /home/laurence/CodeSourcery/Sourcery_G++_Lite/bin/../lib/gcc/arm-none-eabi/4.5.2/../../../../arm-none-eabi/lib/thumb2/libm.a(lib_a-sf_fpclassify.o)
 .ARM.attributes
                0x00000b62       0x1b /home/laurence/CodeSourcery/Sourcery_G++_Lite/bin/../lib/gcc/arm-none-eabi/4.5.2/thumb2/libgcc.a(_arm_addsubdf3.o)
 .ARM.attributes
                0x00000b7d       0x1b /home/laurence/CodeSourcery/Sourcery_G++_Lite/bin/../lib/gcc/arm-none-eabi/4.5.2/thumb2/libgcc.a(_arm_muldivdf3.o)
 .ARM.attributes
                0x00000b98       0x1b /home/laurence/CodeSourcery/Sourcery_G++_Lite/bin/../lib/gcc/arm-none-eabi/4.5.2/thumb2/libgcc.a(_arm_cmpdf2.o)
 .ARM.attributes
                0x00000bb3       0x1b /home/laurence/CodeSourcery/Sourcery_G++_Lite/bin/../lib/gcc/arm-none-eabi/4.5.2/thumb2/libgcc.a(_arm_fixunsdfsi.o)
 .ARM.attributes
                0x00000bce       0x1b /home/laurence/CodeSourcery/Sourcery_G++_Lite/bin/../lib/gcc/arm-none-eabi/4.5.2/thumb2/libgcc.a(_arm_truncdfsf2.o)
 .ARM.attributes
                0x00000be9       0x1b /home/laurence/CodeSourcery/Sourcery_G++_Lite/bin/../lib/gcc/arm-none-eabi/4.5.2/thumb2/libgcc.a(_arm_addsubsf3.o)
 .ARM.attributes
                0x00000c04       0x1b /home/laurence/CodeSourcery/Sourcery_G++_Lite/bin/../lib/gcc/arm-none-eabi/4.5.2/thumb2/libgcc.a(_arm_muldivsf3.o)
 .ARM.attributes
                0x00000c1f       0x1b /home/laurence/CodeSourcery/Sourcery_G++_Lite/bin/../lib/gcc/arm-none-eabi/4.5.2/thumb2/libgcc.a(_arm_cmpsf2.o)
 .ARM.attributes
                0x00000c3a       0x29 /home/laurence/CodeSourcery/Sourcery_G++_Lite/bin/../lib/gcc/arm-none-eabi/4.5.2/../../../../arm-none-eabi/lib/thumb2/libc.a(lib_a-errno.o)
 .ARM.attributes
                0x00000c63       0x29 /home/laurence/CodeSourcery/Sourcery_G++_Lite/bin/../lib/gcc/arm-none-eabi/4.5.2/../../../../arm-none-eabi/lib/thumb2/libc.a(lib_a-impure.o)
 .ARM.attributes
                0x00000c8c       0x29 /home/laurence/CodeSourcery/Sourcery_G++_Lite/bin/../lib/gcc/arm-none-eabi/4.5.2/thumb2/crtend.o
 .ARM.attributes
                0x00000cb5       0x19 /home/laurence/CodeSourcery/Sourcery_G++_Lite/bin/../lib/gcc/arm-none-eabi/4.5.2/thumb2/crtn.o
OUTPUT(main.elf elf32-littlearm)

.comment        0x00000000       0x2a
 .comment       0x00000000       0x2a lib/STM32F30x_StdPeriph_Driver/src/stm32f30x_adc.o
                                 0x2b (size before relaxing)
 .comment       0x00000000       0x2b lib/STM32F30x_StdPeriph_Driver/src/stm32f30x_can.o
 .comment       0x00000000       0x2b lib/STM32F30x_StdPeriph_Driver/src/stm32f30x_comp.o
 .comment       0x00000000       0x2b lib/STM32F30x_StdPeriph_Driver/src/stm32f30x_crc.o
 .comment       0x00000000       0x2b lib/STM32F30x_StdPeriph_Driver/src/stm32f30x_dac.o
 .comment       0x00000000       0x2b lib/STM32F30x_StdPeriph_Driver/src/stm32f30x_dbgmcu.o
 .comment       0x00000000       0x2b lib/STM32F30x_StdPeriph_Driver/src/stm32f30x_dma.o
 .comment       0x00000000       0x2b lib/STM32F30x_StdPeriph_Driver/src/stm32f30x_exti.o
 .comment       0x00000000       0x2b lib/STM32F30x_StdPeriph_Driver/src/stm32f30x_flash.o
 .comment       0x00000000       0x2b lib/STM32F30x_StdPeriph_Driver/src/stm32f30x_gpio.o
 .comment       0x00000000       0x2b lib/STM32F30x_StdPeriph_Driver/src/stm32f30x_i2c.o
 .comment       0x00000000       0x2b lib/STM32F30x_StdPeriph_Driver/src/stm32f30x_iwdg.o
 .comment       0x00000000       0x2b lib/STM32F30x_StdPeriph_Driver/src/stm32f30x_misc.o
 .comment       0x00000000       0x2b lib/STM32F30x_StdPeriph_Driver/src/stm32f30x_opamp.o
 .comment       0x00000000       0x2b lib/STM32F30x_StdPeriph_Driver/src/stm32f30x_pwr.o
 .comment       0x00000000       0x2b lib/STM32F30x_StdPeriph_Driver/src/stm32f30x_rcc.o
 .comment       0x00000000       0x2b lib/STM32F30x_StdPeriph_Driver/src/stm32f30x_rtc.o
 .comment       0x00000000       0x2b lib/STM32F30x_StdPeriph_Driver/src/stm32f30x_spi.o
 .comment       0x00000000       0x2b lib/STM32F30x_StdPeriph_Driver/src/stm32f30x_syscfg.o
 .comment       0x00000000       0x2b lib/STM32F30x_StdPeriph_Driver/src/stm32f30x_tim.o
 .comment       0x00000000       0x2b lib/STM32F30x_StdPeriph_Driver/src/stm32f30x_usart.o
 .comment       0x00000000       0x2b lib/STM32F30x_StdPeriph_Driver/src/stm32f30x_wwdg.o
 .comment       0x00000000       0x2b lib/STM32_USB-FS-Device_Driver/src/usb_core.o
 .comment       0x00000000       0x2b lib/STM32_USB-FS-Device_Driver/src/usb_init.o
 .comment       0x00000000       0x2b lib/STM32_USB-FS-Device_Driver/src/usb_int.o
 .comment       0x00000000       0x2b lib/STM32_USB-FS-Device_Driver/src/usb_mem.o
 .comment       0x00000000       0x2b lib/STM32_USB-FS-Device_Driver/src/usb_regs.o
 .comment       0x00000000       0x2b lib/STM32_USB-FS-Device_Driver/src/usb_sil.o
 .comment       0x00000000       0x2b src/hw_config.o
 .comment       0x00000000       0x2b src/main.o
 .comment       0x00000000       0x2b src/stm32f30x_it.o
 .comment       0x00000000       0x2b src/system_stm32f30x.o
 .comment       0x00000000       0x2b src/usb_desc.o
 .comment       0x00000000       0x2b src/usb_endp.o
 .comment       0x00000000       0x2b src/usb_istr.o
 .comment       0x00000000       0x2b src/usb_prop.o
 .comment       0x00000000       0x2b src/usb_pwr.o
 .comment       0x00000000       0x2b util/STM32F3_Discovery/stm32f3_discovery.o
 .comment       0x00000000       0x2b util/STM32F3_Discovery/stm32f3_discovery_l3gd20.o
 .comment       0x00000000       0x2b util/STM32F3_Discovery/stm32f3_discovery_lsm303dlhc.o

.debug_frame    0x00000000      0x270
 .debug_frame   0x00000000       0x38 /home/laurence/CodeSourcery/Sourcery_G++_Lite/bin/../lib/gcc/arm-none-eabi/4.5.2/../../../../arm-none-eabi/lib/thumb2/libm.a(lib_a-w_sqrt.o)
 .debug_frame   0x00000038       0x30 /home/laurence/CodeSourcery/Sourcery_G++_Lite/bin/../lib/gcc/arm-none-eabi/4.5.2/../../../../arm-none-eabi/lib/thumb2/libm.a(lib_a-wf_acos.o)
 .debug_frame   0x00000068       0x20 /home/laurence/CodeSourcery/Sourcery_G++_Lite/bin/../lib/gcc/arm-none-eabi/4.5.2/../../../../arm-none-eabi/lib/thumb2/libm.a(lib_a-wf_atan2.o)
 .debug_frame   0x00000088       0x30 /home/laurence/CodeSourcery/Sourcery_G++_Lite/bin/../lib/gcc/arm-none-eabi/4.5.2/../../../../arm-none-eabi/lib/thumb2/libm.a(lib_a-wf_sqrt.o)
 .debug_frame   0x000000b8       0x34 /home/laurence/CodeSourcery/Sourcery_G++_Lite/bin/../lib/gcc/arm-none-eabi/4.5.2/../../../../arm-none-eabi/lib/thumb2/libm.a(lib_a-e_sqrt.o)
 .debug_frame   0x000000ec       0x30 /home/laurence/CodeSourcery/Sourcery_G++_Lite/bin/../lib/gcc/arm-none-eabi/4.5.2/../../../../arm-none-eabi/lib/thumb2/libm.a(lib_a-ef_acos.o)
 .debug_frame   0x0000011c       0x30 /home/laurence/CodeSourcery/Sourcery_G++_Lite/bin/../lib/gcc/arm-none-eabi/4.5.2/../../../../arm-none-eabi/lib/thumb2/libm.a(lib_a-ef_atan2.o)
 .debug_frame   0x0000014c       0x2c /home/laurence/CodeSourcery/Sourcery_G++_Lite/bin/../lib/gcc/arm-none-eabi/4.5.2/../../../../arm-none-eabi/lib/thumb2/libm.a(lib_a-ef_sqrt.o)
 .debug_frame   0x00000178       0x28 /home/laurence/CodeSourcery/Sourcery_G++_Lite/bin/../lib/gcc/arm-none-eabi/4.5.2/../../../../arm-none-eabi/lib/thumb2/libm.a(lib_a-s_fpclassify.o)
 .debug_frame   0x000001a0       0x20 /home/laurence/CodeSourcery/Sourcery_G++_Lite/bin/../lib/gcc/arm-none-eabi/4.5.2/../../../../arm-none-eabi/lib/thumb2/libm.a(lib_a-s_matherr.o)
 .debug_frame   0x000001c0       0x20 /home/laurence/CodeSourcery/Sourcery_G++_Lite/bin/../lib/gcc/arm-none-eabi/4.5.2/../../../../arm-none-eabi/lib/thumb2/libm.a(lib_a-s_nan.o)
 .debug_frame   0x000001e0       0x30 /home/laurence/CodeSourcery/Sourcery_G++_Lite/bin/../lib/gcc/arm-none-eabi/4.5.2/../../../../arm-none-eabi/lib/thumb2/libm.a(lib_a-sf_atan.o)
 .debug_frame   0x00000210       0x20 /home/laurence/CodeSourcery/Sourcery_G++_Lite/bin/../lib/gcc/arm-none-eabi/4.5.2/../../../../arm-none-eabi/lib/thumb2/libm.a(lib_a-sf_fabs.o)
 .debug_frame   0x00000230       0x20 /home/laurence/CodeSourcery/Sourcery_G++_Lite/bin/../lib/gcc/arm-none-eabi/4.5.2/../../../../arm-none-eabi/lib/thumb2/libm.a(lib_a-sf_fpclassify.o)
 .debug_frame   0x00000250       0x20 /home/laurence/CodeSourcery/Sourcery_G++_Lite/bin/../lib/gcc/arm-none-eabi/4.5.2/../../../../arm-none-eabi/lib/thumb2/libc.a(lib_a-errno.o)

Cross Reference Table

Symbol                                            File
ADC1_2_IRQHandler                                 lib/CMSIS/Device/ST/STM32F30x/Source/Templates/gcc_ride7/startup_stm32f30x.o
ADC3_IRQHandler                                   lib/CMSIS/Device/ST/STM32F30x/Source/Templates/gcc_ride7/startup_stm32f30x.o
ADC4_IRQHandler                                   lib/CMSIS/Device/ST/STM32F30x/Source/Templates/gcc_ride7/startup_stm32f30x.o
ADC_AnalogWatchdog1SingleChannelConfig            lib/STM32F30x_StdPeriph_Driver/src/stm32f30x_adc.o
ADC_AnalogWatchdog1ThresholdsConfig               lib/STM32F30x_StdPeriph_Driver/src/stm32f30x_adc.o
ADC_AnalogWatchdog2SingleChannelConfig            lib/STM32F30x_StdPeriph_Driver/src/stm32f30x_adc.o
ADC_AnalogWatchdog2ThresholdsConfig               lib/STM32F30x_StdPeriph_Driver/src/stm32f30x_adc.o
ADC_AnalogWatchdog3SingleChannelConfig            lib/STM32F30x_StdPeriph_Driver/src/stm32f30x_adc.o
ADC_AnalogWatchdog3ThresholdsConfig               lib/STM32F30x_StdPeriph_Driver/src/stm32f30x_adc.o
ADC_AnalogWatchdogCmd                             lib/STM32F30x_StdPeriph_Driver/src/stm32f30x_adc.o
ADC_AutoDelayCmd                                  lib/STM32F30x_StdPeriph_Driver/src/stm32f30x_adc.o
ADC_AutoInjectedConvCmd                           lib/STM32F30x_StdPeriph_Driver/src/stm32f30x_adc.o
ADC_ChannelOffset1Cmd                             lib/STM32F30x_StdPeriph_Driver/src/stm32f30x_adc.o
ADC_ChannelOffset2Cmd                             lib/STM32F30x_StdPeriph_Driver/src/stm32f30x_adc.o
ADC_ChannelOffset3Cmd                             lib/STM32F30x_StdPeriph_Driver/src/stm32f30x_adc.o
ADC_ChannelOffset4Cmd                             lib/STM32F30x_StdPeriph_Driver/src/stm32f30x_adc.o
ADC_ClearCommonFlag                               lib/STM32F30x_StdPeriph_Driver/src/stm32f30x_adc.o
ADC_ClearFlag                                     lib/STM32F30x_StdPeriph_Driver/src/stm32f30x_adc.o
ADC_ClearITPendingBit                             lib/STM32F30x_StdPeriph_Driver/src/stm32f30x_adc.o
ADC_Cmd                                           lib/STM32F30x_StdPeriph_Driver/src/stm32f30x_adc.o
ADC_CommonInit                                    lib/STM32F30x_StdPeriph_Driver/src/stm32f30x_adc.o
ADC_CommonStructInit                              lib/STM32F30x_StdPeriph_Driver/src/stm32f30x_adc.o
ADC_DMACmd                                        lib/STM32F30x_StdPeriph_Driver/src/stm32f30x_adc.o
ADC_DMAConfig                                     lib/STM32F30x_StdPeriph_Driver/src/stm32f30x_adc.o
ADC_DeInit                                        lib/STM32F30x_StdPeriph_Driver/src/stm32f30x_adc.o
ADC_DisableCmd                                    lib/STM32F30x_StdPeriph_Driver/src/stm32f30x_adc.o
ADC_DiscModeChannelCountConfig                    lib/STM32F30x_StdPeriph_Driver/src/stm32f30x_adc.o
ADC_DiscModeCmd                                   lib/STM32F30x_StdPeriph_Driver/src/stm32f30x_adc.o
ADC_ExternalTriggerConfig                         lib/STM32F30x_StdPeriph_Driver/src/stm32f30x_adc.o
ADC_ExternalTriggerInjectedConfig                 lib/STM32F30x_StdPeriph_Driver/src/stm32f30x_adc.o
ADC_GetCalibrationStatus                          lib/STM32F30x_StdPeriph_Driver/src/stm32f30x_adc.o
ADC_GetCalibrationValue                           lib/STM32F30x_StdPeriph_Driver/src/stm32f30x_adc.o
ADC_GetCommonFlagStatus                           lib/STM32F30x_StdPeriph_Driver/src/stm32f30x_adc.o
ADC_GetConversionValue                            lib/STM32F30x_StdPeriph_Driver/src/stm32f30x_adc.o
ADC_GetDisableCmdStatus                           lib/STM32F30x_StdPeriph_Driver/src/stm32f30x_adc.o
ADC_GetDualModeConversionValue                    lib/STM32F30x_StdPeriph_Driver/src/stm32f30x_adc.o
ADC_GetFlagStatus                                 lib/STM32F30x_StdPeriph_Driver/src/stm32f30x_adc.o
ADC_GetITStatus                                   lib/STM32F30x_StdPeriph_Driver/src/stm32f30x_adc.o
ADC_GetInjectedConversionValue                    lib/STM32F30x_StdPeriph_Driver/src/stm32f30x_adc.o
ADC_GetStartConversionStatus                      lib/STM32F30x_StdPeriph_Driver/src/stm32f30x_adc.o
ADC_GetStartInjectedConversionStatus              lib/STM32F30x_StdPeriph_Driver/src/stm32f30x_adc.o
ADC_ITConfig                                      lib/STM32F30x_StdPeriph_Driver/src/stm32f30x_adc.o
ADC_Init                                          lib/STM32F30x_StdPeriph_Driver/src/stm32f30x_adc.o
ADC_InjectedChannelConfig                         lib/STM32F30x_StdPeriph_Driver/src/stm32f30x_adc.o
ADC_InjectedDiscModeCmd                           lib/STM32F30x_StdPeriph_Driver/src/stm32f30x_adc.o
ADC_InjectedInit                                  lib/STM32F30x_StdPeriph_Driver/src/stm32f30x_adc.o
ADC_InjectedSequencerLengthConfig                 lib/STM32F30x_StdPeriph_Driver/src/stm32f30x_adc.o
ADC_InjectedStructInit                            lib/STM32F30x_StdPeriph_Driver/src/stm32f30x_adc.o
ADC_RegularChannelConfig                          lib/STM32F30x_StdPeriph_Driver/src/stm32f30x_adc.o
ADC_RegularChannelSequencerLengthConfig           lib/STM32F30x_StdPeriph_Driver/src/stm32f30x_adc.o
ADC_SelectCalibrationMode                         lib/STM32F30x_StdPeriph_Driver/src/stm32f30x_adc.o
ADC_SelectDifferentialMode                        lib/STM32F30x_StdPeriph_Driver/src/stm32f30x_adc.o
ADC_SelectQueueOfContextMode                      lib/STM32F30x_StdPeriph_Driver/src/stm32f30x_adc.o
ADC_SetCalibrationValue                           lib/STM32F30x_StdPeriph_Driver/src/stm32f30x_adc.o
ADC_SetChannelOffset1                             lib/STM32F30x_StdPeriph_Driver/src/stm32f30x_adc.o
ADC_SetChannelOffset2                             lib/STM32F30x_StdPeriph_Driver/src/stm32f30x_adc.o
ADC_SetChannelOffset3                             lib/STM32F30x_StdPeriph_Driver/src/stm32f30x_adc.o
ADC_SetChannelOffset4                             lib/STM32F30x_StdPeriph_Driver/src/stm32f30x_adc.o
ADC_StartCalibration                              lib/STM32F30x_StdPeriph_Driver/src/stm32f30x_adc.o
ADC_StartConversion                               lib/STM32F30x_StdPeriph_Driver/src/stm32f30x_adc.o
ADC_StartInjectedConversion                       lib/STM32F30x_StdPeriph_Driver/src/stm32f30x_adc.o
ADC_StopConversion                                lib/STM32F30x_StdPeriph_Driver/src/stm32f30x_adc.o
ADC_StopInjectedConversion                        lib/STM32F30x_StdPeriph_Driver/src/stm32f30x_adc.o
ADC_StructInit                                    lib/STM32F30x_StdPeriph_Driver/src/stm32f30x_adc.o
ADC_TempSensorCmd                                 lib/STM32F30x_StdPeriph_Driver/src/stm32f30x_adc.o
ADC_VbatCmd                                       lib/STM32F30x_StdPeriph_Driver/src/stm32f30x_adc.o
ADC_VoltageRegulatorCmd                           lib/STM32F30x_StdPeriph_Driver/src/stm32f30x_adc.o
ADC_VrefintCmd                                    lib/STM32F30x_StdPeriph_Driver/src/stm32f30x_adc.o
AHBPrescTable                                     src/system_stm32f30x.o
AccBuffer                                         src/main.o
BUTTON_CLK                                        util/STM32F3_Discovery/stm32f3_discovery.o
BUTTON_EXTI_LINE                                  util/STM32F3_Discovery/stm32f3_discovery.o
BUTTON_IRQn                                       util/STM32F3_Discovery/stm32f3_discovery.o
BUTTON_PIN                                        util/STM32F3_Discovery/stm32f3_discovery.o
BUTTON_PIN_SOURCE                                 util/STM32F3_Discovery/stm32f3_discovery.o
BUTTON_PORT                                       util/STM32F3_Discovery/stm32f3_discovery.o
BUTTON_PORT_SOURCE                                util/STM32F3_Discovery/stm32f3_discovery.o
Buffer                                            src/main.o
BusFault_Handler                                  src/stm32f30x_it.o
                                                  lib/CMSIS/Device/ST/STM32F30x/Source/Templates/gcc_ride7/startup_stm32f30x.o
ByteSwap                                          lib/STM32_USB-FS-Device_Driver/src/usb_regs.o
                                                  lib/STM32_USB-FS-Device_Driver/src/usb_core.o
CAN1_RX1_IRQHandler                               lib/CMSIS/Device/ST/STM32F30x/Source/Templates/gcc_ride7/startup_stm32f30x.o
CAN1_SCE_IRQHandler                               lib/CMSIS/Device/ST/STM32F30x/Source/Templates/gcc_ride7/startup_stm32f30x.o
CAN_CancelTransmit                                lib/STM32F30x_StdPeriph_Driver/src/stm32f30x_can.o
CAN_ClearFlag                                     lib/STM32F30x_StdPeriph_Driver/src/stm32f30x_can.o
CAN_ClearITPendingBit                             lib/STM32F30x_StdPeriph_Driver/src/stm32f30x_can.o
CAN_DBGFreeze                                     lib/STM32F30x_StdPeriph_Driver/src/stm32f30x_can.o
CAN_DeInit                                        lib/STM32F30x_StdPeriph_Driver/src/stm32f30x_can.o
CAN_FIFORelease                                   lib/STM32F30x_StdPeriph_Driver/src/stm32f30x_can.o
CAN_FilterInit                                    lib/STM32F30x_StdPeriph_Driver/src/stm32f30x_can.o
CAN_GetFlagStatus                                 lib/STM32F30x_StdPeriph_Driver/src/stm32f30x_can.o
CAN_GetITStatus                                   lib/STM32F30x_StdPeriph_Driver/src/stm32f30x_can.o
CAN_GetLSBTransmitErrorCounter                    lib/STM32F30x_StdPeriph_Driver/src/stm32f30x_can.o
CAN_GetLastErrorCode                              lib/STM32F30x_StdPeriph_Driver/src/stm32f30x_can.o
CAN_GetReceiveErrorCounter                        lib/STM32F30x_StdPeriph_Driver/src/stm32f30x_can.o
CAN_ITConfig                                      lib/STM32F30x_StdPeriph_Driver/src/stm32f30x_can.o
CAN_Init                                          lib/STM32F30x_StdPeriph_Driver/src/stm32f30x_can.o
CAN_MessagePending                                lib/STM32F30x_StdPeriph_Driver/src/stm32f30x_can.o
CAN_OperatingModeRequest                          lib/STM32F30x_StdPeriph_Driver/src/stm32f30x_can.o
CAN_Receive                                       lib/STM32F30x_StdPeriph_Driver/src/stm32f30x_can.o
CAN_SlaveStartBank                                lib/STM32F30x_StdPeriph_Driver/src/stm32f30x_can.o
CAN_Sleep                                         lib/STM32F30x_StdPeriph_Driver/src/stm32f30x_can.o
CAN_StructInit                                    lib/STM32F30x_StdPeriph_Driver/src/stm32f30x_can.o
CAN_TTComModeCmd                                  lib/STM32F30x_StdPeriph_Driver/src/stm32f30x_can.o
CAN_Transmit                                      lib/STM32F30x_StdPeriph_Driver/src/stm32f30x_can.o
CAN_TransmitStatus                                lib/STM32F30x_StdPeriph_Driver/src/stm32f30x_can.o
CAN_WakeUp                                        lib/STM32F30x_StdPeriph_Driver/src/stm32f30x_can.o
COMP1_2_3_IRQHandler                              lib/CMSIS/Device/ST/STM32F30x/Source/Templates/gcc_ride7/startup_stm32f30x.o
COMP4_5_6_IRQHandler                              lib/CMSIS/Device/ST/STM32F30x/Source/Templates/gcc_ride7/startup_stm32f30x.o
COMP7_IRQHandler                                  lib/CMSIS/Device/ST/STM32F30x/Source/Templates/gcc_ride7/startup_stm32f30x.o
COMP_Cmd                                          lib/STM32F30x_StdPeriph_Driver/src/stm32f30x_comp.o
COMP_DeInit                                       lib/STM32F30x_StdPeriph_Driver/src/stm32f30x_comp.o
COMP_GetOutputLevel                               lib/STM32F30x_StdPeriph_Driver/src/stm32f30x_comp.o
COMP_Init                                         lib/STM32F30x_StdPeriph_Driver/src/stm32f30x_comp.o
COMP_LockConfig                                   lib/STM32F30x_StdPeriph_Driver/src/stm32f30x_comp.o
COMP_StructInit                                   lib/STM32F30x_StdPeriph_Driver/src/stm32f30x_comp.o
COMP_SwitchCmd                                    lib/STM32F30x_StdPeriph_Driver/src/stm32f30x_comp.o
COMP_WindowCmd                                    lib/STM32F30x_StdPeriph_Driver/src/stm32f30x_comp.o
CRC_CalcBlockCRC                                  lib/STM32F30x_StdPeriph_Driver/src/stm32f30x_crc.o
CRC_CalcCRC                                       lib/STM32F30x_StdPeriph_Driver/src/stm32f30x_crc.o
CRC_CalcCRC16bits                                 lib/STM32F30x_StdPeriph_Driver/src/stm32f30x_crc.o
CRC_CalcCRC8bits                                  lib/STM32F30x_StdPeriph_Driver/src/stm32f30x_crc.o
CRC_DeInit                                        lib/STM32F30x_StdPeriph_Driver/src/stm32f30x_crc.o
CRC_GetCRC                                        lib/STM32F30x_StdPeriph_Driver/src/stm32f30x_crc.o
CRC_GetIDRegister                                 lib/STM32F30x_StdPeriph_Driver/src/stm32f30x_crc.o
CRC_PolynomialSizeSelect                          lib/STM32F30x_StdPeriph_Driver/src/stm32f30x_crc.o
CRC_ResetDR                                       lib/STM32F30x_StdPeriph_Driver/src/stm32f30x_crc.o
CRC_ReverseInputDataSelect                        lib/STM32F30x_StdPeriph_Driver/src/stm32f30x_crc.o
CRC_ReverseOutputDataCmd                          lib/STM32F30x_StdPeriph_Driver/src/stm32f30x_crc.o
CRC_SetIDRegister                                 lib/STM32F30x_StdPeriph_Driver/src/stm32f30x_crc.o
CRC_SetInitRegister                               lib/STM32F30x_StdPeriph_Driver/src/stm32f30x_crc.o
CRC_SetPolynomial                                 lib/STM32F30x_StdPeriph_Driver/src/stm32f30x_crc.o
CTR_HP                                            lib/STM32_USB-FS-Device_Driver/src/usb_int.o
CTR_LP                                            lib/STM32_USB-FS-Device_Driver/src/usb_int.o
                                                  src/usb_istr.o
ClearDTOG_RX                                      lib/STM32_USB-FS-Device_Driver/src/usb_regs.o
                                                  lib/STM32_USB-FS-Device_Driver/src/usb_core.o
ClearDTOG_TX                                      lib/STM32_USB-FS-Device_Driver/src/usb_regs.o
                                                  lib/STM32_USB-FS-Device_Driver/src/usb_core.o
ClearEPDoubleBuff                                 lib/STM32_USB-FS-Device_Driver/src/usb_regs.o
ClearEP_CTR_RX                                    lib/STM32_USB-FS-Device_Driver/src/usb_regs.o
ClearEP_CTR_TX                                    lib/STM32_USB-FS-Device_Driver/src/usb_regs.o
ClearEP_KIND                                      lib/STM32_USB-FS-Device_Driver/src/usb_regs.o
Clear_Status_Out                                  lib/STM32_USB-FS-Device_Driver/src/usb_regs.o
                                                  src/usb_prop.o
Config_Descriptor                                 src/usb_prop.o
DAC_ClearFlag                                     lib/STM32F30x_StdPeriph_Driver/src/stm32f30x_dac.o
DAC_ClearITPendingBit                             lib/STM32F30x_StdPeriph_Driver/src/stm32f30x_dac.o
DAC_Cmd                                           lib/STM32F30x_StdPeriph_Driver/src/stm32f30x_dac.o
DAC_DMACmd                                        lib/STM32F30x_StdPeriph_Driver/src/stm32f30x_dac.o
DAC_DeInit                                        lib/STM32F30x_StdPeriph_Driver/src/stm32f30x_dac.o
DAC_DualSoftwareTriggerCmd                        lib/STM32F30x_StdPeriph_Driver/src/stm32f30x_dac.o
DAC_GetDataOutputValue                            lib/STM32F30x_StdPeriph_Driver/src/stm32f30x_dac.o
DAC_GetFlagStatus                                 lib/STM32F30x_StdPeriph_Driver/src/stm32f30x_dac.o
DAC_GetITStatus                                   lib/STM32F30x_StdPeriph_Driver/src/stm32f30x_dac.o
DAC_ITConfig                                      lib/STM32F30x_StdPeriph_Driver/src/stm32f30x_dac.o
DAC_Init                                          lib/STM32F30x_StdPeriph_Driver/src/stm32f30x_dac.o
DAC_SetChannel1Data                               lib/STM32F30x_StdPeriph_Driver/src/stm32f30x_dac.o
DAC_SetChannel2Data                               lib/STM32F30x_StdPeriph_Driver/src/stm32f30x_dac.o
DAC_SetDualChannelData                            lib/STM32F30x_StdPeriph_Driver/src/stm32f30x_dac.o
DAC_SoftwareTriggerCmd                            lib/STM32F30x_StdPeriph_Driver/src/stm32f30x_dac.o
DAC_StructInit                                    lib/STM32F30x_StdPeriph_Driver/src/stm32f30x_dac.o
DAC_WaveGenerationCmd                             lib/STM32F30x_StdPeriph_Driver/src/stm32f30x_dac.o
DBGMCU_APB1PeriphConfig                           lib/STM32F30x_StdPeriph_Driver/src/stm32f30x_dbgmcu.o
DBGMCU_APB2PeriphConfig                           lib/STM32F30x_StdPeriph_Driver/src/stm32f30x_dbgmcu.o
DBGMCU_Config                                     lib/STM32F30x_StdPeriph_Driver/src/stm32f30x_dbgmcu.o
DBGMCU_GetDEVID                                   lib/STM32F30x_StdPeriph_Driver/src/stm32f30x_dbgmcu.o
DBGMCU_GetREVID                                   lib/STM32F30x_StdPeriph_Driver/src/stm32f30x_dbgmcu.o
DMA1_Channel1_IRQHandler                          lib/CMSIS/Device/ST/STM32F30x/Source/Templates/gcc_ride7/startup_stm32f30x.o
DMA1_Channel2_IRQHandler                          lib/CMSIS/Device/ST/STM32F30x/Source/Templates/gcc_ride7/startup_stm32f30x.o
DMA1_Channel3_IRQHandler                          lib/CMSIS/Device/ST/STM32F30x/Source/Templates/gcc_ride7/startup_stm32f30x.o
DMA1_Channel4_IRQHandler                          lib/CMSIS/Device/ST/STM32F30x/Source/Templates/gcc_ride7/startup_stm32f30x.o
DMA1_Channel5_IRQHandler                          lib/CMSIS/Device/ST/STM32F30x/Source/Templates/gcc_ride7/startup_stm32f30x.o
DMA1_Channel6_IRQHandler                          lib/CMSIS/Device/ST/STM32F30x/Source/Templates/gcc_ride7/startup_stm32f30x.o
DMA1_Channel7_IRQHandler                          lib/CMSIS/Device/ST/STM32F30x/Source/Templates/gcc_ride7/startup_stm32f30x.o
DMA2_Channel1_IRQHandler                          lib/CMSIS/Device/ST/STM32F30x/Source/Templates/gcc_ride7/startup_stm32f30x.o
DMA2_Channel2_IRQHandler                          lib/CMSIS/Device/ST/STM32F30x/Source/Templates/gcc_ride7/startup_stm32f30x.o
DMA2_Channel3_IRQHandler                          lib/CMSIS/Device/ST/STM32F30x/Source/Templates/gcc_ride7/startup_stm32f30x.o
DMA2_Channel4_IRQHandler                          lib/CMSIS/Device/ST/STM32F30x/Source/Templates/gcc_ride7/startup_stm32f30x.o
DMA2_Channel5_IRQHandler                          lib/CMSIS/Device/ST/STM32F30x/Source/Templates/gcc_ride7/startup_stm32f30x.o
DMA_ClearFlag                                     lib/STM32F30x_StdPeriph_Driver/src/stm32f30x_dma.o
DMA_ClearITPendingBit                             lib/STM32F30x_StdPeriph_Driver/src/stm32f30x_dma.o
DMA_Cmd                                           lib/STM32F30x_StdPeriph_Driver/src/stm32f30x_dma.o
DMA_DeInit                                        lib/STM32F30x_StdPeriph_Driver/src/stm32f30x_dma.o
DMA_GetCurrDataCounter                            lib/STM32F30x_StdPeriph_Driver/src/stm32f30x_dma.o
DMA_GetFlagStatus                                 lib/STM32F30x_StdPeriph_Driver/src/stm32f30x_dma.o
DMA_GetITStatus                                   lib/STM32F30x_StdPeriph_Driver/src/stm32f30x_dma.o
DMA_ITConfig                                      lib/STM32F30x_StdPeriph_Driver/src/stm32f30x_dma.o
DMA_Init                                          lib/STM32F30x_StdPeriph_Driver/src/stm32f30x_dma.o
DMA_SetCurrDataCounter                            lib/STM32F30x_StdPeriph_Driver/src/stm32f30x_dma.o
DMA_StructInit                                    lib/STM32F30x_StdPeriph_Driver/src/stm32f30x_dma.o
DataReady                                         src/main.o
                                                  src/stm32f30x_it.o
Data_Mul_MaxPacketSize                            lib/STM32_USB-FS-Device_Driver/src/usb_core.o
DebugMon_Handler                                  src/stm32f30x_it.o
                                                  lib/CMSIS/Device/ST/STM32F30x/Source/Templates/gcc_ride7/startup_stm32f30x.o
Default_Handler                                   lib/CMSIS/Device/ST/STM32F30x/Source/Templates/gcc_ride7/startup_stm32f30x.o
Delay                                             src/main.o
Demo_CompassConfig                                src/main.o
Demo_CompassReadAcc                               src/main.o
Demo_CompassReadMag                               src/main.o
Demo_GyroConfig                                   src/main.o
Demo_GyroReadAngRate                              src/main.o
Demo_USB                                          src/main.o
Device_Descriptor                                 src/usb_prop.o
Device_Info                                       lib/STM32_USB-FS-Device_Driver/src/usb_init.o
                                                  src/usb_prop.o
                                                  src/hw_config.o
Device_Property                                   src/usb_prop.o
                                                  src/usb_istr.o
                                                  lib/STM32_USB-FS-Device_Driver/src/usb_init.o
                                                  lib/STM32_USB-FS-Device_Driver/src/usb_core.o
Device_Table                                      src/usb_prop.o
                                                  lib/STM32_USB-FS-Device_Driver/src/usb_core.o
Dot_Norm                                          src/main.o
EP1_IN_Callback                                   src/usb_endp.o
                                                  src/usb_istr.o
EPindex                                           lib/STM32_USB-FS-Device_Driver/src/usb_init.o
                                                  lib/STM32_USB-FS-Device_Driver/src/usb_int.o
EXTI0_IRQHandler                                  src/stm32f30x_it.o
                                                  lib/CMSIS/Device/ST/STM32F30x/Source/Templates/gcc_ride7/startup_stm32f30x.o